Archive member included to satisfy reference by file (symbol)

../../../libopencm3//lib/libopencm3_stm32f1.a(gpio.o)
                              blink.o (gpio_set_mode)
../../../libopencm3//lib/libopencm3_stm32f1.a(gpio_common_all.o)
                              blink.o (gpio_toggle)
../../../libopencm3//lib/libopencm3_stm32f1.a(rcc.o)
                              blink.o (rcc_clock_setup_in_hse_8mhz_out_72mhz)
../../../libopencm3//lib/libopencm3_stm32f1.a(rcc_common_all.o)
                              blink.o (rcc_periph_clock_enable)
../../../libopencm3//lib/libopencm3_stm32f1.a(vector.o)
                              (reset_handler)
../../../libopencm3//lib/libopencm3_stm32f1.a(assert.o)
                              ../../../libopencm3//lib/libopencm3_stm32f1.a(rcc.o) (cm3_assert_failed)
../../../libopencm3//lib/libopencm3_stm32f1.a(flash_common_all.o)
                              ../../../libopencm3//lib/libopencm3_stm32f1.a(rcc.o) (flash_set_ws)

Discarded input sections

 .group         0x0000000000000000        0xc blink.o
 .group         0x0000000000000000        0xc blink.o
 .group         0x0000000000000000        0xc blink.o
 .group         0x0000000000000000        0xc blink.o
 .group         0x0000000000000000        0xc blink.o
 .group         0x0000000000000000        0xc blink.o
 .group         0x0000000000000000        0xc blink.o
 .group         0x0000000000000000        0xc blink.o
 .group         0x0000000000000000        0xc blink.o
 .group         0x0000000000000000        0xc blink.o
 .group         0x0000000000000000        0xc blink.o
 .group         0x0000000000000000        0xc blink.o
 .group         0x0000000000000000        0xc blink.o
 .group         0x0000000000000000        0xc blink.o
 .group         0x0000000000000000        0xc blink.o
 .text          0x0000000000000000        0x0 blink.o
 .data          0x0000000000000000        0x0 blink.o
 .bss           0x0000000000000000        0x0 blink.o
 .group         0x0000000000000000        0xc ../../../libopencm3//lib/libopencm3_stm32f1.a(gpio.o)
 .group         0x0000000000000000        0xc ../../../libopencm3//lib/libopencm3_stm32f1.a(gpio.o)
 .group         0x0000000000000000        0xc ../../../libopencm3//lib/libopencm3_stm32f1.a(gpio.o)
 .group         0x0000000000000000        0xc ../../../libopencm3//lib/libopencm3_stm32f1.a(gpio.o)
 .group         0x0000000000000000        0xc ../../../libopencm3//lib/libopencm3_stm32f1.a(gpio.o)
 .group         0x0000000000000000        0xc ../../../libopencm3//lib/libopencm3_stm32f1.a(gpio.o)
 .group         0x0000000000000000        0xc ../../../libopencm3//lib/libopencm3_stm32f1.a(gpio.o)
 .group         0x0000000000000000        0xc ../../../libopencm3//lib/libopencm3_stm32f1.a(gpio.o)
 .group         0x0000000000000000        0xc ../../../libopencm3//lib/libopencm3_stm32f1.a(gpio.o)
 .group         0x0000000000000000        0xc ../../../libopencm3//lib/libopencm3_stm32f1.a(gpio.o)
 .group         0x0000000000000000        0xc ../../../libopencm3//lib/libopencm3_stm32f1.a(gpio.o)
 .group         0x0000000000000000        0xc ../../../libopencm3//lib/libopencm3_stm32f1.a(gpio.o)
 .group         0x0000000000000000        0xc ../../../libopencm3//lib/libopencm3_stm32f1.a(gpio.o)
 .group         0x0000000000000000        0xc ../../../libopencm3//lib/libopencm3_stm32f1.a(gpio.o)
 .text          0x0000000000000000        0x0 ../../../libopencm3//lib/libopencm3_stm32f1.a(gpio.o)
 .data          0x0000000000000000        0x0 ../../../libopencm3//lib/libopencm3_stm32f1.a(gpio.o)
 .bss           0x0000000000000000        0x0 ../../../libopencm3//lib/libopencm3_stm32f1.a(gpio.o)
 .text.gpio_set_eventout
                0x0000000000000000       0x10 ../../../libopencm3//lib/libopencm3_stm32f1.a(gpio.o)
 .text.gpio_primary_remap
                0x0000000000000000       0x14 ../../../libopencm3//lib/libopencm3_stm32f1.a(gpio.o)
 .text.gpio_secondary_remap
                0x0000000000000000       0x10 ../../../libopencm3//lib/libopencm3_stm32f1.a(gpio.o)
 .debug_macro   0x0000000000000000      0xa9c ../../../libopencm3//lib/libopencm3_stm32f1.a(gpio.o)
 .debug_macro   0x0000000000000000       0x1c ../../../libopencm3//lib/libopencm3_stm32f1.a(gpio.o)
 .debug_macro   0x0000000000000000       0x22 ../../../libopencm3//lib/libopencm3_stm32f1.a(gpio.o)
 .debug_macro   0x0000000000000000       0x56 ../../../libopencm3//lib/libopencm3_stm32f1.a(gpio.o)
 .debug_macro   0x0000000000000000       0x51 ../../../libopencm3//lib/libopencm3_stm32f1.a(gpio.o)
 .debug_macro   0x0000000000000000      0x103 ../../../libopencm3//lib/libopencm3_stm32f1.a(gpio.o)
 .debug_macro   0x0000000000000000       0x6a ../../../libopencm3//lib/libopencm3_stm32f1.a(gpio.o)
 .debug_macro   0x0000000000000000      0x1df ../../../libopencm3//lib/libopencm3_stm32f1.a(gpio.o)
 .debug_macro   0x0000000000000000       0x22 ../../../libopencm3//lib/libopencm3_stm32f1.a(gpio.o)
 .debug_macro   0x0000000000000000       0xe8 ../../../libopencm3//lib/libopencm3_stm32f1.a(gpio.o)
 .debug_macro   0x0000000000000000       0x76 ../../../libopencm3//lib/libopencm3_stm32f1.a(gpio.o)
 .debug_macro   0x0000000000000000      0x1b4 ../../../libopencm3//lib/libopencm3_stm32f1.a(gpio.o)
 .debug_macro   0x0000000000000000       0x76 ../../../libopencm3//lib/libopencm3_stm32f1.a(gpio.o)
 .debug_macro   0x0000000000000000      0xe2e ../../../libopencm3//lib/libopencm3_stm32f1.a(gpio.o)
 .group         0x0000000000000000        0xc ../../../libopencm3//lib/libopencm3_stm32f1.a(gpio_common_all.o)
 .group         0x0000000000000000        0xc ../../../libopencm3//lib/libopencm3_stm32f1.a(gpio_common_all.o)
 .group         0x0000000000000000        0xc ../../../libopencm3//lib/libopencm3_stm32f1.a(gpio_common_all.o)
 .group         0x0000000000000000        0xc ../../../libopencm3//lib/libopencm3_stm32f1.a(gpio_common_all.o)
 .group         0x0000000000000000        0xc ../../../libopencm3//lib/libopencm3_stm32f1.a(gpio_common_all.o)
 .group         0x0000000000000000        0xc ../../../libopencm3//lib/libopencm3_stm32f1.a(gpio_common_all.o)
 .group         0x0000000000000000        0xc ../../../libopencm3//lib/libopencm3_stm32f1.a(gpio_common_all.o)
 .group         0x0000000000000000        0xc ../../../libopencm3//lib/libopencm3_stm32f1.a(gpio_common_all.o)
 .group         0x0000000000000000        0xc ../../../libopencm3//lib/libopencm3_stm32f1.a(gpio_common_all.o)
 .group         0x0000000000000000        0xc ../../../libopencm3//lib/libopencm3_stm32f1.a(gpio_common_all.o)
 .group         0x0000000000000000        0xc ../../../libopencm3//lib/libopencm3_stm32f1.a(gpio_common_all.o)
 .group         0x0000000000000000        0xc ../../../libopencm3//lib/libopencm3_stm32f1.a(gpio_common_all.o)
 .group         0x0000000000000000        0xc ../../../libopencm3//lib/libopencm3_stm32f1.a(gpio_common_all.o)
 .group         0x0000000000000000        0xc ../../../libopencm3//lib/libopencm3_stm32f1.a(gpio_common_all.o)
 .text          0x0000000000000000        0x0 ../../../libopencm3//lib/libopencm3_stm32f1.a(gpio_common_all.o)
 .data          0x0000000000000000        0x0 ../../../libopencm3//lib/libopencm3_stm32f1.a(gpio_common_all.o)
 .bss           0x0000000000000000        0x0 ../../../libopencm3//lib/libopencm3_stm32f1.a(gpio_common_all.o)
 .text.gpio_set
                0x0000000000000000        0x4 ../../../libopencm3//lib/libopencm3_stm32f1.a(gpio_common_all.o)
 .text.gpio_clear
                0x0000000000000000        0x6 ../../../libopencm3//lib/libopencm3_stm32f1.a(gpio_common_all.o)
 .text.gpio_get
                0x0000000000000000        0x6 ../../../libopencm3//lib/libopencm3_stm32f1.a(gpio_common_all.o)
 .text.gpio_port_read
                0x0000000000000000        0x6 ../../../libopencm3//lib/libopencm3_stm32f1.a(gpio_common_all.o)
 .text.gpio_port_write
                0x0000000000000000        0x4 ../../../libopencm3//lib/libopencm3_stm32f1.a(gpio_common_all.o)
 .text.gpio_port_config_lock
                0x0000000000000000       0x10 ../../../libopencm3//lib/libopencm3_stm32f1.a(gpio_common_all.o)
 .debug_macro   0x0000000000000000      0xa9c ../../../libopencm3//lib/libopencm3_stm32f1.a(gpio_common_all.o)
 .debug_macro   0x0000000000000000       0x1c ../../../libopencm3//lib/libopencm3_stm32f1.a(gpio_common_all.o)
 .debug_macro   0x0000000000000000       0x22 ../../../libopencm3//lib/libopencm3_stm32f1.a(gpio_common_all.o)
 .debug_macro   0x0000000000000000       0x56 ../../../libopencm3//lib/libopencm3_stm32f1.a(gpio_common_all.o)
 .debug_macro   0x0000000000000000       0x51 ../../../libopencm3//lib/libopencm3_stm32f1.a(gpio_common_all.o)
 .debug_macro   0x0000000000000000      0x103 ../../../libopencm3//lib/libopencm3_stm32f1.a(gpio_common_all.o)
 .debug_macro   0x0000000000000000       0x6a ../../../libopencm3//lib/libopencm3_stm32f1.a(gpio_common_all.o)
 .debug_macro   0x0000000000000000      0x1df ../../../libopencm3//lib/libopencm3_stm32f1.a(gpio_common_all.o)
 .debug_macro   0x0000000000000000       0x22 ../../../libopencm3//lib/libopencm3_stm32f1.a(gpio_common_all.o)
 .debug_macro   0x0000000000000000       0xe8 ../../../libopencm3//lib/libopencm3_stm32f1.a(gpio_common_all.o)
 .debug_macro   0x0000000000000000       0x76 ../../../libopencm3//lib/libopencm3_stm32f1.a(gpio_common_all.o)
 .debug_macro   0x0000000000000000      0x1b4 ../../../libopencm3//lib/libopencm3_stm32f1.a(gpio_common_all.o)
 .debug_macro   0x0000000000000000       0x76 ../../../libopencm3//lib/libopencm3_stm32f1.a(gpio_common_all.o)
 .debug_macro   0x0000000000000000      0xe2e ../../../libopencm3//lib/libopencm3_stm32f1.a(gpio_common_all.o)
 .group         0x0000000000000000        0xc ../../../libopencm3//lib/libopencm3_stm32f1.a(rcc.o)
 .group         0x0000000000000000        0xc ../../../libopencm3//lib/libopencm3_stm32f1.a(rcc.o)
 .group         0x0000000000000000        0xc ../../../libopencm3//lib/libopencm3_stm32f1.a(rcc.o)
 .group         0x0000000000000000        0xc ../../../libopencm3//lib/libopencm3_stm32f1.a(rcc.o)
 .group         0x0000000000000000        0xc ../../../libopencm3//lib/libopencm3_stm32f1.a(rcc.o)
 .group         0x0000000000000000        0xc ../../../libopencm3//lib/libopencm3_stm32f1.a(rcc.o)
 .group         0x0000000000000000        0xc ../../../libopencm3//lib/libopencm3_stm32f1.a(rcc.o)
 .group         0x0000000000000000        0xc ../../../libopencm3//lib/libopencm3_stm32f1.a(rcc.o)
 .group         0x0000000000000000        0xc ../../../libopencm3//lib/libopencm3_stm32f1.a(rcc.o)
 .group         0x0000000000000000        0xc ../../../libopencm3//lib/libopencm3_stm32f1.a(rcc.o)
 .group         0x0000000000000000        0xc ../../../libopencm3//lib/libopencm3_stm32f1.a(rcc.o)
 .group         0x0000000000000000        0xc ../../../libopencm3//lib/libopencm3_stm32f1.a(rcc.o)
 .group         0x0000000000000000        0xc ../../../libopencm3//lib/libopencm3_stm32f1.a(rcc.o)
 .group         0x0000000000000000        0xc ../../../libopencm3//lib/libopencm3_stm32f1.a(rcc.o)
 .group         0x0000000000000000        0xc ../../../libopencm3//lib/libopencm3_stm32f1.a(rcc.o)
 .group         0x0000000000000000        0xc ../../../libopencm3//lib/libopencm3_stm32f1.a(rcc.o)
 .text          0x0000000000000000        0x0 ../../../libopencm3//lib/libopencm3_stm32f1.a(rcc.o)
 .data          0x0000000000000000        0x0 ../../../libopencm3//lib/libopencm3_stm32f1.a(rcc.o)
 .bss           0x0000000000000000        0x0 ../../../libopencm3//lib/libopencm3_stm32f1.a(rcc.o)
 .text.rcc_osc_ready_int_clear
                0x0000000000000000       0x5c ../../../libopencm3//lib/libopencm3_stm32f1.a(rcc.o)
 .text.rcc_osc_ready_int_enable
                0x0000000000000000       0x5c ../../../libopencm3//lib/libopencm3_stm32f1.a(rcc.o)
 .text.rcc_osc_ready_int_disable
                0x0000000000000000       0x5c ../../../libopencm3//lib/libopencm3_stm32f1.a(rcc.o)
 .text.rcc_osc_ready_int_flag
                0x0000000000000000       0x54 ../../../libopencm3//lib/libopencm3_stm32f1.a(rcc.o)
 .text.rcc_css_int_clear
                0x0000000000000000       0x10 ../../../libopencm3//lib/libopencm3_stm32f1.a(rcc.o)
 .text.rcc_css_int_flag
                0x0000000000000000       0x10 ../../../libopencm3//lib/libopencm3_stm32f1.a(rcc.o)
 .text.rcc_osc_off
                0x0000000000000000       0x60 ../../../libopencm3//lib/libopencm3_stm32f1.a(rcc.o)
 .text.rcc_css_enable
                0x0000000000000000       0x10 ../../../libopencm3//lib/libopencm3_stm32f1.a(rcc.o)
 .text.rcc_css_disable
                0x0000000000000000       0x10 ../../../libopencm3//lib/libopencm3_stm32f1.a(rcc.o)
 .text.rcc_set_pll2_multiplication_factor
                0x0000000000000000       0x14 ../../../libopencm3//lib/libopencm3_stm32f1.a(rcc.o)
 .text.rcc_set_pll3_multiplication_factor
                0x0000000000000000       0x14 ../../../libopencm3//lib/libopencm3_stm32f1.a(rcc.o)
 .text.rcc_rtc_clock_enabled_flag
                0x0000000000000000       0x10 ../../../libopencm3//lib/libopencm3_stm32f1.a(rcc.o)
 .text.rcc_enable_rtc_clock
                0x0000000000000000       0x10 ../../../libopencm3//lib/libopencm3_stm32f1.a(rcc.o)
 .text.rcc_set_rtc_clock_source
                0x0000000000000000       0x84 ../../../libopencm3//lib/libopencm3_stm32f1.a(rcc.o)
 .text.rcc_set_usbpre
                0x0000000000000000       0x18 ../../../libopencm3//lib/libopencm3_stm32f1.a(rcc.o)
 .text.rcc_set_prediv1
                0x0000000000000000       0x14 ../../../libopencm3//lib/libopencm3_stm32f1.a(rcc.o)
 .text.rcc_set_prediv2
                0x0000000000000000       0x14 ../../../libopencm3//lib/libopencm3_stm32f1.a(rcc.o)
 .text.rcc_set_prediv1_source
                0x0000000000000000       0x18 ../../../libopencm3//lib/libopencm3_stm32f1.a(rcc.o)
 .text.rcc_system_clock_source
                0x0000000000000000       0x10 ../../../libopencm3//lib/libopencm3_stm32f1.a(rcc.o)
 .text.rcc_clock_setup_in_hsi_out_64mhz
                0x0000000000000000       0x70 ../../../libopencm3//lib/libopencm3_stm32f1.a(rcc.o)
 .text.rcc_clock_setup_in_hsi_out_48mhz
                0x0000000000000000       0x7c ../../../libopencm3//lib/libopencm3_stm32f1.a(rcc.o)
 .text.rcc_clock_setup_in_hsi_out_24mhz
                0x0000000000000000       0x60 ../../../libopencm3//lib/libopencm3_stm32f1.a(rcc.o)
 .text.rcc_clock_setup_in_hse_8mhz_out_24mhz
                0x0000000000000000       0x78 ../../../libopencm3//lib/libopencm3_stm32f1.a(rcc.o)
 .text.rcc_clock_setup_in_hse_12mhz_out_72mhz
                0x0000000000000000       0x88 ../../../libopencm3//lib/libopencm3_stm32f1.a(rcc.o)
 .text.rcc_clock_setup_in_hse_16mhz_out_72mhz
                0x0000000000000000       0x88 ../../../libopencm3//lib/libopencm3_stm32f1.a(rcc.o)
 .text.rcc_clock_setup_in_hse_25mhz_out_72mhz
                0x0000000000000000       0xa8 ../../../libopencm3//lib/libopencm3_stm32f1.a(rcc.o)
 .text.rcc_clock_setup_pll
                0x0000000000000000       0xbc ../../../libopencm3//lib/libopencm3_stm32f1.a(rcc.o)
 .text.rcc_backupdomain_reset
                0x0000000000000000       0x18 ../../../libopencm3//lib/libopencm3_stm32f1.a(rcc.o)
 .text.rcc_get_usart_clk_freq
                0x0000000000000000       0x1c ../../../libopencm3//lib/libopencm3_stm32f1.a(rcc.o)
 .text.rcc_get_timer_clk_freq
                0x0000000000000000       0x34 ../../../libopencm3//lib/libopencm3_stm32f1.a(rcc.o)
 .text.rcc_get_i2c_clk_freq
                0x0000000000000000        0xc ../../../libopencm3//lib/libopencm3_stm32f1.a(rcc.o)
 .rodata.rcc_hsi_configs
                0x0000000000000000       0x54 ../../../libopencm3//lib/libopencm3_stm32f1.a(rcc.o)
 .rodata.rcc_hse_configs
                0x0000000000000000       0x8c ../../../libopencm3//lib/libopencm3_stm32f1.a(rcc.o)
 .debug_macro   0x0000000000000000      0xa9c ../../../libopencm3//lib/libopencm3_stm32f1.a(rcc.o)
 .debug_macro   0x0000000000000000       0x1c ../../../libopencm3//lib/libopencm3_stm32f1.a(rcc.o)
 .debug_macro   0x0000000000000000       0x22 ../../../libopencm3//lib/libopencm3_stm32f1.a(rcc.o)
 .debug_macro   0x0000000000000000       0x56 ../../../libopencm3//lib/libopencm3_stm32f1.a(rcc.o)
 .debug_macro   0x0000000000000000       0x51 ../../../libopencm3//lib/libopencm3_stm32f1.a(rcc.o)
 .debug_macro   0x0000000000000000      0x103 ../../../libopencm3//lib/libopencm3_stm32f1.a(rcc.o)
 .debug_macro   0x0000000000000000       0x6a ../../../libopencm3//lib/libopencm3_stm32f1.a(rcc.o)
 .debug_macro   0x0000000000000000      0x1df ../../../libopencm3//lib/libopencm3_stm32f1.a(rcc.o)
 .debug_macro   0x0000000000000000       0x22 ../../../libopencm3//lib/libopencm3_stm32f1.a(rcc.o)
 .debug_macro   0x0000000000000000       0xe8 ../../../libopencm3//lib/libopencm3_stm32f1.a(rcc.o)
 .debug_macro   0x0000000000000000       0x76 ../../../libopencm3//lib/libopencm3_stm32f1.a(rcc.o)
 .debug_macro   0x0000000000000000      0x1b4 ../../../libopencm3//lib/libopencm3_stm32f1.a(rcc.o)
 .debug_macro   0x0000000000000000      0x8c6 ../../../libopencm3//lib/libopencm3_stm32f1.a(rcc.o)
 .group         0x0000000000000000        0xc ../../../libopencm3//lib/libopencm3_stm32f1.a(rcc_common_all.o)
 .group         0x0000000000000000        0xc ../../../libopencm3//lib/libopencm3_stm32f1.a(rcc_common_all.o)
 .group         0x0000000000000000        0xc ../../../libopencm3//lib/libopencm3_stm32f1.a(rcc_common_all.o)
 .group         0x0000000000000000        0xc ../../../libopencm3//lib/libopencm3_stm32f1.a(rcc_common_all.o)
 .group         0x0000000000000000        0xc ../../../libopencm3//lib/libopencm3_stm32f1.a(rcc_common_all.o)
 .group         0x0000000000000000        0xc ../../../libopencm3//lib/libopencm3_stm32f1.a(rcc_common_all.o)
 .group         0x0000000000000000        0xc ../../../libopencm3//lib/libopencm3_stm32f1.a(rcc_common_all.o)
 .group         0x0000000000000000        0xc ../../../libopencm3//lib/libopencm3_stm32f1.a(rcc_common_all.o)
 .group         0x0000000000000000        0xc ../../../libopencm3//lib/libopencm3_stm32f1.a(rcc_common_all.o)
 .group         0x0000000000000000        0xc ../../../libopencm3//lib/libopencm3_stm32f1.a(rcc_common_all.o)
 .group         0x0000000000000000        0xc ../../../libopencm3//lib/libopencm3_stm32f1.a(rcc_common_all.o)
 .group         0x0000000000000000        0xc ../../../libopencm3//lib/libopencm3_stm32f1.a(rcc_common_all.o)
 .group         0x0000000000000000        0xc ../../../libopencm3//lib/libopencm3_stm32f1.a(rcc_common_all.o)
 .text          0x0000000000000000        0x0 ../../../libopencm3//lib/libopencm3_stm32f1.a(rcc_common_all.o)
 .data          0x0000000000000000        0x0 ../../../libopencm3//lib/libopencm3_stm32f1.a(rcc_common_all.o)
 .bss           0x0000000000000000        0x0 ../../../libopencm3//lib/libopencm3_stm32f1.a(rcc_common_all.o)
 .text.rcc_peripheral_enable_clock
                0x0000000000000000        0x8 ../../../libopencm3//lib/libopencm3_stm32f1.a(rcc_common_all.o)
 .text.rcc_peripheral_disable_clock
                0x0000000000000000        0xa ../../../libopencm3//lib/libopencm3_stm32f1.a(rcc_common_all.o)
 .text.rcc_peripheral_reset
                0x0000000000000000        0x8 ../../../libopencm3//lib/libopencm3_stm32f1.a(rcc_common_all.o)
 .text.rcc_peripheral_clear_reset
                0x0000000000000000        0xa ../../../libopencm3//lib/libopencm3_stm32f1.a(rcc_common_all.o)
 .text.rcc_periph_clock_disable
                0x0000000000000000       0x1c ../../../libopencm3//lib/libopencm3_stm32f1.a(rcc_common_all.o)
 .text.rcc_periph_reset_pulse
                0x0000000000000000       0x22 ../../../libopencm3//lib/libopencm3_stm32f1.a(rcc_common_all.o)
 .text.rcc_periph_reset_hold
                0x0000000000000000        0x4 ../../../libopencm3//lib/libopencm3_stm32f1.a(rcc_common_all.o)
 .text.rcc_periph_reset_release
                0x0000000000000000        0x4 ../../../libopencm3//lib/libopencm3_stm32f1.a(rcc_common_all.o)
 .text.rcc_set_mco
                0x0000000000000000       0x14 ../../../libopencm3//lib/libopencm3_stm32f1.a(rcc_common_all.o)
 .text.rcc_osc_bypass_enable
                0x0000000000000000       0x28 ../../../libopencm3//lib/libopencm3_stm32f1.a(rcc_common_all.o)
 .text.rcc_osc_bypass_disable
                0x0000000000000000       0x28 ../../../libopencm3//lib/libopencm3_stm32f1.a(rcc_common_all.o)
 .text.rcc_get_div_from_hpre
                0x0000000000000000       0x18 ../../../libopencm3//lib/libopencm3_stm32f1.a(rcc_common_all.o)
 .debug_macro   0x0000000000000000      0xa9c ../../../libopencm3//lib/libopencm3_stm32f1.a(rcc_common_all.o)
 .debug_macro   0x0000000000000000       0x1c ../../../libopencm3//lib/libopencm3_stm32f1.a(rcc_common_all.o)
 .debug_macro   0x0000000000000000       0x22 ../../../libopencm3//lib/libopencm3_stm32f1.a(rcc_common_all.o)
 .debug_macro   0x0000000000000000       0x56 ../../../libopencm3//lib/libopencm3_stm32f1.a(rcc_common_all.o)
 .debug_macro   0x0000000000000000       0x51 ../../../libopencm3//lib/libopencm3_stm32f1.a(rcc_common_all.o)
 .debug_macro   0x0000000000000000      0x103 ../../../libopencm3//lib/libopencm3_stm32f1.a(rcc_common_all.o)
 .debug_macro   0x0000000000000000       0x6a ../../../libopencm3//lib/libopencm3_stm32f1.a(rcc_common_all.o)
 .debug_macro   0x0000000000000000      0x1df ../../../libopencm3//lib/libopencm3_stm32f1.a(rcc_common_all.o)
 .debug_macro   0x0000000000000000       0x22 ../../../libopencm3//lib/libopencm3_stm32f1.a(rcc_common_all.o)
 .debug_macro   0x0000000000000000       0xe8 ../../../libopencm3//lib/libopencm3_stm32f1.a(rcc_common_all.o)
 .debug_macro   0x0000000000000000       0x76 ../../../libopencm3//lib/libopencm3_stm32f1.a(rcc_common_all.o)
 .debug_macro   0x0000000000000000      0x1b4 ../../../libopencm3//lib/libopencm3_stm32f1.a(rcc_common_all.o)
 .debug_macro   0x0000000000000000      0x8c6 ../../../libopencm3//lib/libopencm3_stm32f1.a(rcc_common_all.o)
 .group         0x0000000000000000        0xc ../../../libopencm3//lib/libopencm3_stm32f1.a(vector.o)
 .group         0x0000000000000000        0xc ../../../libopencm3//lib/libopencm3_stm32f1.a(vector.o)
 .group         0x0000000000000000        0xc ../../../libopencm3//lib/libopencm3_stm32f1.a(vector.o)
 .group         0x0000000000000000        0xc ../../../libopencm3//lib/libopencm3_stm32f1.a(vector.o)
 .group         0x0000000000000000        0xc ../../../libopencm3//lib/libopencm3_stm32f1.a(vector.o)
 .group         0x0000000000000000        0xc ../../../libopencm3//lib/libopencm3_stm32f1.a(vector.o)
 .group         0x0000000000000000        0xc ../../../libopencm3//lib/libopencm3_stm32f1.a(vector.o)
 .group         0x0000000000000000        0xc ../../../libopencm3//lib/libopencm3_stm32f1.a(vector.o)
 .group         0x0000000000000000        0xc ../../../libopencm3//lib/libopencm3_stm32f1.a(vector.o)
 .group         0x0000000000000000        0xc ../../../libopencm3//lib/libopencm3_stm32f1.a(vector.o)
 .group         0x0000000000000000        0xc ../../../libopencm3//lib/libopencm3_stm32f1.a(vector.o)
 .group         0x0000000000000000        0xc ../../../libopencm3//lib/libopencm3_stm32f1.a(vector.o)
 .group         0x0000000000000000        0xc ../../../libopencm3//lib/libopencm3_stm32f1.a(vector.o)
 .group         0x0000000000000000        0xc ../../../libopencm3//lib/libopencm3_stm32f1.a(vector.o)
 .text          0x0000000000000000        0x0 ../../../libopencm3//lib/libopencm3_stm32f1.a(vector.o)
 .data          0x0000000000000000        0x0 ../../../libopencm3//lib/libopencm3_stm32f1.a(vector.o)
 .bss           0x0000000000000000        0x0 ../../../libopencm3//lib/libopencm3_stm32f1.a(vector.o)
 .debug_macro   0x0000000000000000      0xa9c ../../../libopencm3//lib/libopencm3_stm32f1.a(vector.o)
 .debug_macro   0x0000000000000000       0x76 ../../../libopencm3//lib/libopencm3_stm32f1.a(vector.o)
 .debug_macro   0x0000000000000000       0x1c ../../../libopencm3//lib/libopencm3_stm32f1.a(vector.o)
 .debug_macro   0x0000000000000000       0x22 ../../../libopencm3//lib/libopencm3_stm32f1.a(vector.o)
 .debug_macro   0x0000000000000000       0x56 ../../../libopencm3//lib/libopencm3_stm32f1.a(vector.o)
 .debug_macro   0x0000000000000000       0x51 ../../../libopencm3//lib/libopencm3_stm32f1.a(vector.o)
 .debug_macro   0x0000000000000000      0x103 ../../../libopencm3//lib/libopencm3_stm32f1.a(vector.o)
 .debug_macro   0x0000000000000000       0x6a ../../../libopencm3//lib/libopencm3_stm32f1.a(vector.o)
 .debug_macro   0x0000000000000000      0x1df ../../../libopencm3//lib/libopencm3_stm32f1.a(vector.o)
 .debug_macro   0x0000000000000000       0x22 ../../../libopencm3//lib/libopencm3_stm32f1.a(vector.o)
 .debug_macro   0x0000000000000000       0xe8 ../../../libopencm3//lib/libopencm3_stm32f1.a(vector.o)
 .group         0x0000000000000000        0xc ../../../libopencm3//lib/libopencm3_stm32f1.a(assert.o)
 .group         0x0000000000000000        0xc ../../../libopencm3//lib/libopencm3_stm32f1.a(assert.o)
 .group         0x0000000000000000        0xc ../../../libopencm3//lib/libopencm3_stm32f1.a(assert.o)
 .group         0x0000000000000000        0xc ../../../libopencm3//lib/libopencm3_stm32f1.a(assert.o)
 .group         0x0000000000000000        0xc ../../../libopencm3//lib/libopencm3_stm32f1.a(assert.o)
 .group         0x0000000000000000        0xc ../../../libopencm3//lib/libopencm3_stm32f1.a(assert.o)
 .group         0x0000000000000000        0xc ../../../libopencm3//lib/libopencm3_stm32f1.a(assert.o)
 .group         0x0000000000000000        0xc ../../../libopencm3//lib/libopencm3_stm32f1.a(assert.o)
 .group         0x0000000000000000        0xc ../../../libopencm3//lib/libopencm3_stm32f1.a(assert.o)
 .group         0x0000000000000000        0xc ../../../libopencm3//lib/libopencm3_stm32f1.a(assert.o)
 .group         0x0000000000000000        0xc ../../../libopencm3//lib/libopencm3_stm32f1.a(assert.o)
 .text          0x0000000000000000        0x0 ../../../libopencm3//lib/libopencm3_stm32f1.a(assert.o)
 .data          0x0000000000000000        0x0 ../../../libopencm3//lib/libopencm3_stm32f1.a(assert.o)
 .bss           0x0000000000000000        0x0 ../../../libopencm3//lib/libopencm3_stm32f1.a(assert.o)
 .text.cm3_assert_failed
                0x0000000000000000        0x2 ../../../libopencm3//lib/libopencm3_stm32f1.a(assert.o)
 .text.cm3_assert_failed_verbose
                0x0000000000000000        0x6 ../../../libopencm3//lib/libopencm3_stm32f1.a(assert.o)
 .debug_info    0x0000000000000000      0x101 ../../../libopencm3//lib/libopencm3_stm32f1.a(assert.o)
 .debug_abbrev  0x0000000000000000       0x94 ../../../libopencm3//lib/libopencm3_stm32f1.a(assert.o)
 .debug_loclists
                0x0000000000000000       0x68 ../../../libopencm3//lib/libopencm3_stm32f1.a(assert.o)
 .debug_aranges
                0x0000000000000000       0x28 ../../../libopencm3//lib/libopencm3_stm32f1.a(assert.o)
 .debug_rnglists
                0x0000000000000000       0x19 ../../../libopencm3//lib/libopencm3_stm32f1.a(assert.o)
 .debug_macro   0x0000000000000000       0x89 ../../../libopencm3//lib/libopencm3_stm32f1.a(assert.o)
 .debug_macro   0x0000000000000000      0xa9c ../../../libopencm3//lib/libopencm3_stm32f1.a(assert.o)
 .debug_macro   0x0000000000000000       0x1c ../../../libopencm3//lib/libopencm3_stm32f1.a(assert.o)
 .debug_macro   0x0000000000000000       0x22 ../../../libopencm3//lib/libopencm3_stm32f1.a(assert.o)
 .debug_macro   0x0000000000000000       0x56 ../../../libopencm3//lib/libopencm3_stm32f1.a(assert.o)
 .debug_macro   0x0000000000000000       0x51 ../../../libopencm3//lib/libopencm3_stm32f1.a(assert.o)
 .debug_macro   0x0000000000000000      0x103 ../../../libopencm3//lib/libopencm3_stm32f1.a(assert.o)
 .debug_macro   0x0000000000000000       0x6a ../../../libopencm3//lib/libopencm3_stm32f1.a(assert.o)
 .debug_macro   0x0000000000000000      0x1df ../../../libopencm3//lib/libopencm3_stm32f1.a(assert.o)
 .debug_macro   0x0000000000000000       0x22 ../../../libopencm3//lib/libopencm3_stm32f1.a(assert.o)
 .debug_macro   0x0000000000000000       0xe8 ../../../libopencm3//lib/libopencm3_stm32f1.a(assert.o)
 .debug_macro   0x0000000000000000       0x16 ../../../libopencm3//lib/libopencm3_stm32f1.a(assert.o)
 .debug_line    0x0000000000000000      0x1a1 ../../../libopencm3//lib/libopencm3_stm32f1.a(assert.o)
 .debug_str     0x0000000000000000     0x40dd ../../../libopencm3//lib/libopencm3_stm32f1.a(assert.o)
 .comment       0x0000000000000000       0x1f ../../../libopencm3//lib/libopencm3_stm32f1.a(assert.o)
 .debug_frame   0x0000000000000000       0x38 ../../../libopencm3//lib/libopencm3_stm32f1.a(assert.o)
 .ARM.attributes
                0x0000000000000000       0x2d ../../../libopencm3//lib/libopencm3_stm32f1.a(assert.o)
 .group         0x0000000000000000        0xc ../../../libopencm3//lib/libopencm3_stm32f1.a(flash_common_all.o)
 .group         0x0000000000000000        0xc ../../../libopencm3//lib/libopencm3_stm32f1.a(flash_common_all.o)
 .group         0x0000000000000000        0xc ../../../libopencm3//lib/libopencm3_stm32f1.a(flash_common_all.o)
 .group         0x0000000000000000        0xc ../../../libopencm3//lib/libopencm3_stm32f1.a(flash_common_all.o)
 .group         0x0000000000000000        0xc ../../../libopencm3//lib/libopencm3_stm32f1.a(flash_common_all.o)
 .group         0x0000000000000000        0xc ../../../libopencm3//lib/libopencm3_stm32f1.a(flash_common_all.o)
 .group         0x0000000000000000        0xc ../../../libopencm3//lib/libopencm3_stm32f1.a(flash_common_all.o)
 .group         0x0000000000000000        0xc ../../../libopencm3//lib/libopencm3_stm32f1.a(flash_common_all.o)
 .group         0x0000000000000000        0xc ../../../libopencm3//lib/libopencm3_stm32f1.a(flash_common_all.o)
 .group         0x0000000000000000        0xc ../../../libopencm3//lib/libopencm3_stm32f1.a(flash_common_all.o)
 .group         0x0000000000000000        0xc ../../../libopencm3//lib/libopencm3_stm32f1.a(flash_common_all.o)
 .group         0x0000000000000000        0xc ../../../libopencm3//lib/libopencm3_stm32f1.a(flash_common_all.o)
 .group         0x0000000000000000        0xc ../../../libopencm3//lib/libopencm3_stm32f1.a(flash_common_all.o)
 .group         0x0000000000000000        0xc ../../../libopencm3//lib/libopencm3_stm32f1.a(flash_common_all.o)
 .text          0x0000000000000000        0x0 ../../../libopencm3//lib/libopencm3_stm32f1.a(flash_common_all.o)
 .data          0x0000000000000000        0x0 ../../../libopencm3//lib/libopencm3_stm32f1.a(flash_common_all.o)
 .bss           0x0000000000000000        0x0 ../../../libopencm3//lib/libopencm3_stm32f1.a(flash_common_all.o)
 .text.flash_prefetch_enable
                0x0000000000000000       0x10 ../../../libopencm3//lib/libopencm3_stm32f1.a(flash_common_all.o)
 .text.flash_prefetch_disable
                0x0000000000000000       0x10 ../../../libopencm3//lib/libopencm3_stm32f1.a(flash_common_all.o)
 .text.flash_unlock_option_bytes
                0x0000000000000000       0x18 ../../../libopencm3//lib/libopencm3_stm32f1.a(flash_common_all.o)
 .debug_macro   0x0000000000000000      0xa9c ../../../libopencm3//lib/libopencm3_stm32f1.a(flash_common_all.o)
 .debug_macro   0x0000000000000000       0x1c ../../../libopencm3//lib/libopencm3_stm32f1.a(flash_common_all.o)
 .debug_macro   0x0000000000000000       0x22 ../../../libopencm3//lib/libopencm3_stm32f1.a(flash_common_all.o)
 .debug_macro   0x0000000000000000       0x56 ../../../libopencm3//lib/libopencm3_stm32f1.a(flash_common_all.o)
 .debug_macro   0x0000000000000000       0x51 ../../../libopencm3//lib/libopencm3_stm32f1.a(flash_common_all.o)
 .debug_macro   0x0000000000000000      0x103 ../../../libopencm3//lib/libopencm3_stm32f1.a(flash_common_all.o)
 .debug_macro   0x0000000000000000       0x6a ../../../libopencm3//lib/libopencm3_stm32f1.a(flash_common_all.o)
 .debug_macro   0x0000000000000000      0x1df ../../../libopencm3//lib/libopencm3_stm32f1.a(flash_common_all.o)
 .debug_macro   0x0000000000000000       0x22 ../../../libopencm3//lib/libopencm3_stm32f1.a(flash_common_all.o)
 .debug_macro   0x0000000000000000       0xe8 ../../../libopencm3//lib/libopencm3_stm32f1.a(flash_common_all.o)
 .debug_macro   0x0000000000000000       0x76 ../../../libopencm3//lib/libopencm3_stm32f1.a(flash_common_all.o)
 .debug_macro   0x0000000000000000      0x1b4 ../../../libopencm3//lib/libopencm3_stm32f1.a(flash_common_all.o)
 .debug_macro   0x0000000000000000       0xee ../../../libopencm3//lib/libopencm3_stm32f1.a(flash_common_all.o)
 .debug_macro   0x0000000000000000       0x82 ../../../libopencm3//lib/libopencm3_stm32f1.a(flash_common_all.o)

Memory Configuration

Name             Origin             Length             Attributes
rom              0x0000000008000000 0x0000000000020000 xr
ram              0x0000000020000000 0x0000000000005000 xrw
*default*        0x0000000000000000 0xffffffffffffffff

Linker script and memory map

LOAD blink.o
LOAD ../../../libopencm3//lib/libopencm3_stm32f1.a
START GROUP
LOAD /usr/lib/gcc/arm-none-eabi/12.2.0/../../../../arm-none-eabi/lib/thumb/v7-m/nofp/libc.a
LOAD /usr/lib/gcc/arm-none-eabi/12.2.0/thumb/v7-m/nofp/libgcc.a
LOAD /usr/lib/gcc/arm-none-eabi/12.2.0/../../../../arm-none-eabi/lib/thumb/v7-m/nofp/libnosys.a
END GROUP
START GROUP
LOAD /usr/lib/gcc/arm-none-eabi/12.2.0/thumb/v7-m/nofp/libgcc.a
LOAD /usr/lib/gcc/arm-none-eabi/12.2.0/../../../../arm-none-eabi/lib/thumb/v7-m/nofp/libg.a
LOAD /usr/lib/gcc/arm-none-eabi/12.2.0/../../../../arm-none-eabi/lib/thumb/v7-m/nofp/libc.a
END GROUP

.text           0x0000000008000000      0x4c0
 *(.vectors)
 .vectors       0x0000000008000000      0x150 ../../../libopencm3//lib/libopencm3_stm32f1.a(vector.o)
                0x0000000008000000                vector_table
 *(.text*)
 .text.startup.main
                0x0000000008000150       0x3c blink.o
                0x0000000008000150                main
 .text.gpio_set_mode
                0x000000000800018c       0x6a ../../../libopencm3//lib/libopencm3_stm32f1.a(gpio.o)
                0x000000000800018c                gpio_set_mode
 .text.gpio_toggle
                0x00000000080001f6       0x12 ../../../libopencm3//lib/libopencm3_stm32f1.a(gpio_common_all.o)
                0x00000000080001f6                gpio_toggle
 .text.rcc_is_osc_ready
                0x0000000008000208       0x58 ../../../libopencm3//lib/libopencm3_stm32f1.a(rcc.o)
                0x0000000008000208                rcc_is_osc_ready
 .text.rcc_wait_for_osc_ready
                0x0000000008000260       0x10 ../../../libopencm3//lib/libopencm3_stm32f1.a(rcc.o)
                0x0000000008000260                rcc_wait_for_osc_ready
 .text.rcc_osc_on
                0x0000000008000270       0x60 ../../../libopencm3//lib/libopencm3_stm32f1.a(rcc.o)
                0x0000000008000270                rcc_osc_on
 .text.rcc_set_sysclk_source
                0x00000000080002d0       0x14 ../../../libopencm3//lib/libopencm3_stm32f1.a(rcc.o)
                0x00000000080002d0                rcc_set_sysclk_source
 .text.rcc_set_pll_multiplication_factor
                0x00000000080002e4       0x14 ../../../libopencm3//lib/libopencm3_stm32f1.a(rcc.o)
                0x00000000080002e4                rcc_set_pll_multiplication_factor
 .text.rcc_set_pll_source
                0x00000000080002f8       0x14 ../../../libopencm3//lib/libopencm3_stm32f1.a(rcc.o)
                0x00000000080002f8                rcc_set_pll_source
 .text.rcc_set_pllxtpre
                0x000000000800030c       0x14 ../../../libopencm3//lib/libopencm3_stm32f1.a(rcc.o)
                0x000000000800030c                rcc_set_pllxtpre
 .text.rcc_set_adcpre
                0x0000000008000320       0x14 ../../../libopencm3//lib/libopencm3_stm32f1.a(rcc.o)
                0x0000000008000320                rcc_set_adcpre
 .text.rcc_set_ppre2
                0x0000000008000334       0x14 ../../../libopencm3//lib/libopencm3_stm32f1.a(rcc.o)
                0x0000000008000334                rcc_set_ppre2
 .text.rcc_set_ppre1
                0x0000000008000348       0x14 ../../../libopencm3//lib/libopencm3_stm32f1.a(rcc.o)
                0x0000000008000348                rcc_set_ppre1
 .text.rcc_set_hpre
                0x000000000800035c       0x14 ../../../libopencm3//lib/libopencm3_stm32f1.a(rcc.o)
                0x000000000800035c                rcc_set_hpre
 .text.rcc_clock_setup_in_hse_8mhz_out_72mhz
                0x0000000008000370       0x88 ../../../libopencm3//lib/libopencm3_stm32f1.a(rcc.o)
                0x0000000008000370                rcc_clock_setup_in_hse_8mhz_out_72mhz
 .text.rcc_periph_clock_enable
                0x00000000080003f8       0x1a ../../../libopencm3//lib/libopencm3_stm32f1.a(rcc_common_all.o)
                0x00000000080003f8                rcc_periph_clock_enable
 .text.blocking_handler
                0x0000000008000412        0x2 ../../../libopencm3//lib/libopencm3_stm32f1.a(vector.o)
                0x0000000008000412                usart3_isr
                0x0000000008000412                rtc_isr
                0x0000000008000412                tim7_isr
                0x0000000008000412                adc1_2_isr
                0x0000000008000412                tim1_trg_com_isr
                0x0000000008000412                usb_hp_can_tx_isr
                0x0000000008000412                tim6_isr
                0x0000000008000412                usb_wakeup_isr
                0x0000000008000412                blocking_handler
                0x0000000008000412                tim5_isr
                0x0000000008000412                otg_fs_isr
                0x0000000008000412                spi1_isr
                0x0000000008000412                exti2_isr
                0x0000000008000412                dma1_channel6_isr
                0x0000000008000412                can_rx1_isr
                0x0000000008000412                dma1_channel5_isr
                0x0000000008000412                dma2_channel5_isr
                0x0000000008000412                usart1_isr
                0x0000000008000412                usage_fault_handler
                0x0000000008000412                tim8_trg_com_isr
                0x0000000008000412                can2_rx0_isr
                0x0000000008000412                tim1_brk_isr
                0x0000000008000412                can2_rx1_isr
                0x0000000008000412                tim1_cc_isr
                0x0000000008000412                sdio_isr
                0x0000000008000412                eth_isr
                0x0000000008000412                dma1_channel4_isr
                0x0000000008000412                tim8_brk_isr
                0x0000000008000412                dma2_channel4_5_isr
                0x0000000008000412                pvd_isr
                0x0000000008000412                rcc_isr
                0x0000000008000412                flash_isr
                0x0000000008000412                uart4_isr
                0x0000000008000412                rtc_alarm_isr
                0x0000000008000412                exti15_10_isr
                0x0000000008000412                hard_fault_handler
                0x0000000008000412                exti1_isr
                0x0000000008000412                i2c1_ev_isr
                0x0000000008000412                dma2_channel1_isr
                0x0000000008000412                spi2_isr
                0x0000000008000412                tim8_up_isr
                0x0000000008000412                dma2_channel2_isr
                0x0000000008000412                exti3_isr
                0x0000000008000412                adc3_isr
                0x0000000008000412                tim3_isr
                0x0000000008000412                usart2_isr
                0x0000000008000412                usb_lp_can_rx0_isr
                0x0000000008000412                i2c2_er_isr
                0x0000000008000412                i2c2_ev_isr
                0x0000000008000412                uart5_isr
                0x0000000008000412                fsmc_isr
                0x0000000008000412                dma1_channel1_isr
                0x0000000008000412                exti4_isr
                0x0000000008000412                mem_manage_handler
                0x0000000008000412                can2_tx_isr
                0x0000000008000412                exti9_5_isr
                0x0000000008000412                dma2_channel3_isr
                0x0000000008000412                dma1_channel7_isr
                0x0000000008000412                tim1_up_isr
                0x0000000008000412                can2_sce_isr
                0x0000000008000412                tim4_isr
                0x0000000008000412                dma1_channel2_isr
                0x0000000008000412                i2c1_er_isr
                0x0000000008000412                can_sce_isr
                0x0000000008000412                tim8_cc_isr
                0x0000000008000412                tamper_isr
                0x0000000008000412                eth_wkup_isr
                0x0000000008000412                bus_fault_handler
                0x0000000008000412                wwdg_isr
                0x0000000008000412                dma1_channel3_isr
                0x0000000008000412                spi3_isr
                0x0000000008000412                tim2_isr
                0x0000000008000412                exti0_isr
 .text.null_handler
                0x0000000008000414        0x2 ../../../libopencm3//lib/libopencm3_stm32f1.a(vector.o)
                0x0000000008000414                null_handler
                0x0000000008000414                sv_call_handler
                0x0000000008000414                pend_sv_handler
                0x0000000008000414                debug_monitor_handler
                0x0000000008000414                sys_tick_handler
                0x0000000008000414                nmi_handler
 *fill*         0x0000000008000416        0x2 
 .text.reset_handler
                0x0000000008000418       0x94 ../../../libopencm3//lib/libopencm3_stm32f1.a(vector.o)
                0x0000000008000418                reset_handler
 .text.flash_set_ws
                0x00000000080004ac       0x14 ../../../libopencm3//lib/libopencm3_stm32f1.a(flash_common_all.o)
                0x00000000080004ac                flash_set_ws
                0x00000000080004c0                . = ALIGN (0x4)
 *(.rodata*)
                0x00000000080004c0                . = ALIGN (0x4)

.glue_7         0x00000000080004c0        0x0
 .glue_7        0x00000000080004c0        0x0 linker stubs

.glue_7t        0x00000000080004c0        0x0
 .glue_7t       0x00000000080004c0        0x0 linker stubs

.vfp11_veneer   0x00000000080004c0        0x0
 .vfp11_veneer  0x00000000080004c0        0x0 linker stubs

.v4_bx          0x00000000080004c0        0x0
 .v4_bx         0x00000000080004c0        0x0 linker stubs

.iplt           0x00000000080004c0        0x0
 .iplt          0x00000000080004c0        0x0 blink.o

.rel.dyn        0x00000000080004c0        0x0
 .rel.iplt      0x00000000080004c0        0x0 blink.o

.preinit_array  0x00000000080004c0        0x0
                0x00000000080004c0                . = ALIGN (0x4)
                0x00000000080004c0                __preinit_array_start = .
 *(.preinit_array)
                0x00000000080004c0                __preinit_array_end = .

.init_array     0x00000000080004c0        0x0
                0x00000000080004c0                . = ALIGN (0x4)
                0x00000000080004c0                __init_array_start = .
 *(SORT_BY_NAME(.init_array.*))
 *(.init_array)
                0x00000000080004c0                __init_array_end = .

.fini_array     0x00000000080004c0        0x0
                0x00000000080004c0                . = ALIGN (0x4)
                0x00000000080004c0                __fini_array_start = .
 *(.fini_array)
 *(SORT_BY_NAME(.fini_array.*))
                0x00000000080004c0                __fini_array_end = .

.ARM.extab
 *(.ARM.extab*)

.ARM.exidx      0x00000000080004c0        0x0
                0x00000000080004c0                __exidx_start = .
 *(.ARM.exidx*)
                0x00000000080004c0                __exidx_end = .
                0x00000000080004c0                . = ALIGN (0x4)
                0x00000000080004c0                _etext = .

.noinit
 *(.noinit*)
                0x00000000080004c0                . = ALIGN (0x4)

.data           0x0000000020000000        0xc load address 0x00000000080004c0
                0x0000000020000000                _data = .
 *(.data*)
 .data.rcc_ahb_frequency
                0x0000000020000000        0x4 ../../../libopencm3//lib/libopencm3_stm32f1.a(rcc.o)
                0x0000000020000000                rcc_ahb_frequency
 .data.rcc_apb2_frequency
                0x0000000020000004        0x4 ../../../libopencm3//lib/libopencm3_stm32f1.a(rcc.o)
                0x0000000020000004                rcc_apb2_frequency
 .data.rcc_apb1_frequency
                0x0000000020000008        0x4 ../../../libopencm3//lib/libopencm3_stm32f1.a(rcc.o)
                0x0000000020000008                rcc_apb1_frequency
 *(.ramtext*)
                0x000000002000000c                . = ALIGN (0x4)
                0x000000002000000c                _edata = .
                0x00000000080004c0                _data_loadaddr = LOADADDR (.data)

.igot.plt       0x000000002000000c        0x0 load address 0x00000000080004cc
 .igot.plt      0x000000002000000c        0x0 blink.o

.bss            0x000000002000000c        0x0 load address 0x00000000080004cc
 *(.bss*)
 *(COMMON)
                0x000000002000000c                . = ALIGN (0x4)
                0x000000002000000c                _ebss = .

/DISCARD/
 *(.eh_frame)
                0x000000002000000c                . = ALIGN (0x4)
                0x000000002000000c                end = .
                0x0000000020005000                PROVIDE (_stack = (ORIGIN (ram) + LENGTH (ram)))
OUTPUT(blink.elf elf32-littlearm)
LOAD linker stubs

.debug_info     0x0000000000000000     0x264f
 .debug_info    0x0000000000000000      0x36a blink.o
 .debug_info    0x000000000000036a      0x1fd ../../../libopencm3//lib/libopencm3_stm32f1.a(gpio.o)
 .debug_info    0x0000000000000567      0x256 ../../../libopencm3//lib/libopencm3_stm32f1.a(gpio_common_all.o)
 .debug_info    0x00000000000007bd     0x14d0 ../../../libopencm3//lib/libopencm3_stm32f1.a(rcc.o)
 .debug_info    0x0000000000001c8d      0x60d ../../../libopencm3//lib/libopencm3_stm32f1.a(rcc_common_all.o)
 .debug_info    0x000000000000229a      0x2c4 ../../../libopencm3//lib/libopencm3_stm32f1.a(vector.o)
 .debug_info    0x000000000000255e       0xf1 ../../../libopencm3//lib/libopencm3_stm32f1.a(flash_common_all.o)

.debug_abbrev   0x0000000000000000      0x934
 .debug_abbrev  0x0000000000000000      0x12a blink.o
 .debug_abbrev  0x000000000000012a       0xd3 ../../../libopencm3//lib/libopencm3_stm32f1.a(gpio.o)
 .debug_abbrev  0x00000000000001fd      0x115 ../../../libopencm3//lib/libopencm3_stm32f1.a(gpio_common_all.o)
 .debug_abbrev  0x0000000000000312      0x2be ../../../libopencm3//lib/libopencm3_stm32f1.a(rcc.o)
 .debug_abbrev  0x00000000000005d0      0x185 ../../../libopencm3//lib/libopencm3_stm32f1.a(rcc_common_all.o)
 .debug_abbrev  0x0000000000000755      0x149 ../../../libopencm3//lib/libopencm3_stm32f1.a(vector.o)
 .debug_abbrev  0x000000000000089e       0x96 ../../../libopencm3//lib/libopencm3_stm32f1.a(flash_common_all.o)

.debug_loclists
                0x0000000000000000      0x53b
 .debug_loclists
                0x0000000000000000       0x35 blink.o
 .debug_loclists
                0x0000000000000035       0xfd ../../../libopencm3//lib/libopencm3_stm32f1.a(gpio.o)
 .debug_loclists
                0x0000000000000132       0x7e ../../../libopencm3//lib/libopencm3_stm32f1.a(gpio_common_all.o)
 .debug_loclists
                0x00000000000001b0      0x256 ../../../libopencm3//lib/libopencm3_stm32f1.a(rcc.o)
 .debug_loclists
                0x0000000000000406       0x68 ../../../libopencm3//lib/libopencm3_stm32f1.a(rcc_common_all.o)
 .debug_loclists
                0x000000000000046e       0xb6 ../../../libopencm3//lib/libopencm3_stm32f1.a(vector.o)
 .debug_loclists
                0x0000000000000524       0x17 ../../../libopencm3//lib/libopencm3_stm32f1.a(flash_common_all.o)

.debug_aranges  0x0000000000000000      0x300
 .debug_aranges
                0x0000000000000000       0x20 blink.o
 .debug_aranges
                0x0000000000000020       0x38 ../../../libopencm3//lib/libopencm3_stm32f1.a(gpio.o)
 .debug_aranges
                0x0000000000000058       0x50 ../../../libopencm3//lib/libopencm3_stm32f1.a(gpio_common_all.o)
 .debug_aranges
                0x00000000000000a8      0x170 ../../../libopencm3//lib/libopencm3_stm32f1.a(rcc.o)
 .debug_aranges
                0x0000000000000218       0x80 ../../../libopencm3//lib/libopencm3_stm32f1.a(rcc_common_all.o)
 .debug_aranges
                0x0000000000000298       0x30 ../../../libopencm3//lib/libopencm3_stm32f1.a(vector.o)
 .debug_aranges
                0x00000000000002c8       0x38 ../../../libopencm3//lib/libopencm3_stm32f1.a(flash_common_all.o)

.debug_rnglists
                0x0000000000000000      0x27b
 .debug_rnglists
                0x0000000000000000       0x1f blink.o
 .debug_rnglists
                0x000000000000001f       0x25 ../../../libopencm3//lib/libopencm3_stm32f1.a(gpio.o)
 .debug_rnglists
                0x0000000000000044       0x37 ../../../libopencm3//lib/libopencm3_stm32f1.a(gpio_common_all.o)
 .debug_rnglists
                0x000000000000007b      0x160 ../../../libopencm3//lib/libopencm3_stm32f1.a(rcc.o)
 .debug_rnglists
                0x00000000000001db       0x5b ../../../libopencm3//lib/libopencm3_stm32f1.a(rcc_common_all.o)
 .debug_rnglists
                0x0000000000000236       0x20 ../../../libopencm3//lib/libopencm3_stm32f1.a(vector.o)
 .debug_rnglists
                0x0000000000000256       0x25 ../../../libopencm3//lib/libopencm3_stm32f1.a(flash_common_all.o)

.debug_macro    0x0000000000000000     0x3616
 .debug_macro   0x0000000000000000       0xcc blink.o
 .debug_macro   0x00000000000000cc      0xa9c blink.o
 .debug_macro   0x0000000000000b68       0x1c blink.o
 .debug_macro   0x0000000000000b84       0x22 blink.o
 .debug_macro   0x0000000000000ba6       0x56 blink.o
 .debug_macro   0x0000000000000bfc       0x51 blink.o
 .debug_macro   0x0000000000000c4d      0x103 blink.o
 .debug_macro   0x0000000000000d50       0x6a blink.o
 .debug_macro   0x0000000000000dba      0x1df blink.o
 .debug_macro   0x0000000000000f99       0x22 blink.o
 .debug_macro   0x0000000000000fbb       0xe8 blink.o
 .debug_macro   0x00000000000010a3      0x8c6 blink.o
 .debug_macro   0x0000000000001969       0x76 blink.o
 .debug_macro   0x00000000000019df      0x1b4 blink.o
 .debug_macro   0x0000000000001b93       0x76 blink.o
 .debug_macro   0x0000000000001c09      0xe2e blink.o
 .debug_macro   0x0000000000002a37       0xb8 ../../../libopencm3//lib/libopencm3_stm32f1.a(gpio.o)
 .debug_macro   0x0000000000002aef       0xb8 ../../../libopencm3//lib/libopencm3_stm32f1.a(gpio_common_all.o)
 .debug_macro   0x0000000000002ba7       0xe7 ../../../libopencm3//lib/libopencm3_stm32f1.a(rcc.o)
 .debug_macro   0x0000000000002c8e       0x16 ../../../libopencm3//lib/libopencm3_stm32f1.a(rcc.o)
 .debug_macro   0x0000000000002ca4       0xee ../../../libopencm3//lib/libopencm3_stm32f1.a(rcc.o)
 .debug_macro   0x0000000000002d92       0x82 ../../../libopencm3//lib/libopencm3_stm32f1.a(rcc.o)
 .debug_macro   0x0000000000002e14       0xce ../../../libopencm3//lib/libopencm3_stm32f1.a(rcc_common_all.o)
 .debug_macro   0x0000000000002ee2       0xcf ../../../libopencm3//lib/libopencm3_stm32f1.a(vector.o)
 .debug_macro   0x0000000000002fb1      0x395 ../../../libopencm3//lib/libopencm3_stm32f1.a(vector.o)
 .debug_macro   0x0000000000003346       0x6e ../../../libopencm3//lib/libopencm3_stm32f1.a(vector.o)
 .debug_macro   0x00000000000033b4      0x1a2 ../../../libopencm3//lib/libopencm3_stm32f1.a(vector.o)
 .debug_macro   0x0000000000003556       0xc0 ../../../libopencm3//lib/libopencm3_stm32f1.a(flash_common_all.o)

.debug_line     0x0000000000000000     0x2057
 .debug_line    0x0000000000000000      0x2ca blink.o
 .debug_line    0x00000000000002ca      0x349 ../../../libopencm3//lib/libopencm3_stm32f1.a(gpio.o)
 .debug_line    0x0000000000000613      0x335 ../../../libopencm3//lib/libopencm3_stm32f1.a(gpio_common_all.o)
 .debug_line    0x0000000000000948      0xcc6 ../../../libopencm3//lib/libopencm3_stm32f1.a(rcc.o)
 .debug_line    0x000000000000160e      0x3dc ../../../libopencm3//lib/libopencm3_stm32f1.a(rcc_common_all.o)
 .debug_line    0x00000000000019ea      0x387 ../../../libopencm3//lib/libopencm3_stm32f1.a(vector.o)
 .debug_line    0x0000000000001d71      0x2e6 ../../../libopencm3//lib/libopencm3_stm32f1.a(flash_common_all.o)

.debug_str      0x0000000000000000     0xe58a
 .debug_str     0x0000000000000000     0xacf5 blink.o
                                       0xae6f (size before relaxing)
 .debug_str     0x000000000000acf5      0x151 ../../../libopencm3//lib/libopencm3_stm32f1.a(gpio.o)
                                       0x863f (size before relaxing)
 .debug_str     0x000000000000ae46       0x74 ../../../libopencm3//lib/libopencm3_stm32f1.a(gpio_common_all.o)
                                       0x8633 (size before relaxing)
 .debug_str     0x000000000000aeba      0xe64 ../../../libopencm3//lib/libopencm3_stm32f1.a(rcc.o)
                                       0x8294 (size before relaxing)
 .debug_str     0x000000000000bd1e      0x379 ../../../libopencm3//lib/libopencm3_stm32f1.a(rcc_common_all.o)
                                       0x79a2 (size before relaxing)
 .debug_str     0x000000000000c097     0x248f ../../../libopencm3//lib/libopencm3_stm32f1.a(vector.o)
                                       0x6679 (size before relaxing)
 .debug_str     0x000000000000e526       0x64 ../../../libopencm3//lib/libopencm3_stm32f1.a(flash_common_all.o)
                                       0x5578 (size before relaxing)

.comment        0x0000000000000000       0x1e
 .comment       0x0000000000000000       0x1e blink.o
                                         0x1f (size before relaxing)
 .comment       0x000000000000001e       0x1f ../../../libopencm3//lib/libopencm3_stm32f1.a(gpio.o)
 .comment       0x000000000000001e       0x1f ../../../libopencm3//lib/libopencm3_stm32f1.a(gpio_common_all.o)
 .comment       0x000000000000001e       0x1f ../../../libopencm3//lib/libopencm3_stm32f1.a(rcc.o)
 .comment       0x000000000000001e       0x1f ../../../libopencm3//lib/libopencm3_stm32f1.a(rcc_common_all.o)
 .comment       0x000000000000001e       0x1f ../../../libopencm3//lib/libopencm3_stm32f1.a(vector.o)
 .comment       0x000000000000001e       0x1f ../../../libopencm3//lib/libopencm3_stm32f1.a(flash_common_all.o)

.ARM.attributes
                0x0000000000000000       0x2d
 .ARM.attributes
                0x0000000000000000       0x2d blink.o
 .ARM.attributes
                0x000000000000002d       0x2d ../../../libopencm3//lib/libopencm3_stm32f1.a(gpio.o)
 .ARM.attributes
                0x000000000000005a       0x2d ../../../libopencm3//lib/libopencm3_stm32f1.a(gpio_common_all.o)
 .ARM.attributes
                0x0000000000000087       0x2d ../../../libopencm3//lib/libopencm3_stm32f1.a(rcc.o)
 .ARM.attributes
                0x00000000000000b4       0x2d ../../../libopencm3//lib/libopencm3_stm32f1.a(rcc_common_all.o)
 .ARM.attributes
                0x00000000000000e1       0x2d ../../../libopencm3//lib/libopencm3_stm32f1.a(vector.o)
 .ARM.attributes
                0x000000000000010e       0x2d ../../../libopencm3//lib/libopencm3_stm32f1.a(flash_common_all.o)

.debug_frame    0x0000000000000000      0x5a0
 .debug_frame   0x0000000000000000       0x28 blink.o
 .debug_frame   0x0000000000000028       0x64 ../../../libopencm3//lib/libopencm3_stm32f1.a(gpio.o)
 .debug_frame   0x000000000000008c       0x80 ../../../libopencm3//lib/libopencm3_stm32f1.a(gpio_common_all.o)
 .debug_frame   0x000000000000010c      0x318 ../../../libopencm3//lib/libopencm3_stm32f1.a(rcc.o)
 .debug_frame   0x0000000000000424       0xe0 ../../../libopencm3//lib/libopencm3_stm32f1.a(rcc_common_all.o)
 .debug_frame   0x0000000000000504       0x4c ../../../libopencm3//lib/libopencm3_stm32f1.a(vector.o)
 .debug_frame   0x0000000000000550       0x50 ../../../libopencm3//lib/libopencm3_stm32f1.a(flash_common_all.o)

Cross Reference Table

Symbol                                            File
__fini_array_end                                  ../../../libopencm3//lib/libopencm3_stm32f1.a(vector.o)
__fini_array_start                                ../../../libopencm3//lib/libopencm3_stm32f1.a(vector.o)
__init_array_end                                  ../../../libopencm3//lib/libopencm3_stm32f1.a(vector.o)
__init_array_start                                ../../../libopencm3//lib/libopencm3_stm32f1.a(vector.o)
__preinit_array_end                               ../../../libopencm3//lib/libopencm3_stm32f1.a(vector.o)
__preinit_array_start                             ../../../libopencm3//lib/libopencm3_stm32f1.a(vector.o)
_data                                             ../../../libopencm3//lib/libopencm3_stm32f1.a(vector.o)
_data_loadaddr                                    ../../../libopencm3//lib/libopencm3_stm32f1.a(vector.o)
_ebss                                             ../../../libopencm3//lib/libopencm3_stm32f1.a(vector.o)
_edata                                            ../../../libopencm3//lib/libopencm3_stm32f1.a(vector.o)
_stack                                            ../../../libopencm3//lib/libopencm3_stm32f1.a(vector.o)
adc1_2_isr                                        ../../../libopencm3//lib/libopencm3_stm32f1.a(vector.o)
adc3_isr                                          ../../../libopencm3//lib/libopencm3_stm32f1.a(vector.o)
blocking_handler                                  ../../../libopencm3//lib/libopencm3_stm32f1.a(vector.o)
bus_fault_handler                                 ../../../libopencm3//lib/libopencm3_stm32f1.a(vector.o)
can2_rx0_isr                                      ../../../libopencm3//lib/libopencm3_stm32f1.a(vector.o)
can2_rx1_isr                                      ../../../libopencm3//lib/libopencm3_stm32f1.a(vector.o)
can2_sce_isr                                      ../../../libopencm3//lib/libopencm3_stm32f1.a(vector.o)
can2_tx_isr                                       ../../../libopencm3//lib/libopencm3_stm32f1.a(vector.o)
can_rx1_isr                                       ../../../libopencm3//lib/libopencm3_stm32f1.a(vector.o)
can_sce_isr                                       ../../../libopencm3//lib/libopencm3_stm32f1.a(vector.o)
cm3_assert_failed                                 ../../../libopencm3//lib/libopencm3_stm32f1.a(assert.o)
                                                  ../../../libopencm3//lib/libopencm3_stm32f1.a(rcc.o)
cm3_assert_failed_verbose                         ../../../libopencm3//lib/libopencm3_stm32f1.a(assert.o)
debug_monitor_handler                             ../../../libopencm3//lib/libopencm3_stm32f1.a(vector.o)
dma1_channel1_isr                                 ../../../libopencm3//lib/libopencm3_stm32f1.a(vector.o)
dma1_channel2_isr                                 ../../../libopencm3//lib/libopencm3_stm32f1.a(vector.o)
dma1_channel3_isr                                 ../../../libopencm3//lib/libopencm3_stm32f1.a(vector.o)
dma1_channel4_isr                                 ../../../libopencm3//lib/libopencm3_stm32f1.a(vector.o)
dma1_channel5_isr                                 ../../../libopencm3//lib/libopencm3_stm32f1.a(vector.o)
dma1_channel6_isr                                 ../../../libopencm3//lib/libopencm3_stm32f1.a(vector.o)
dma1_channel7_isr                                 ../../../libopencm3//lib/libopencm3_stm32f1.a(vector.o)
dma2_channel1_isr                                 ../../../libopencm3//lib/libopencm3_stm32f1.a(vector.o)
dma2_channel2_isr                                 ../../../libopencm3//lib/libopencm3_stm32f1.a(vector.o)
dma2_channel3_isr                                 ../../../libopencm3//lib/libopencm3_stm32f1.a(vector.o)
dma2_channel4_5_isr                               ../../../libopencm3//lib/libopencm3_stm32f1.a(vector.o)
dma2_channel5_isr                                 ../../../libopencm3//lib/libopencm3_stm32f1.a(vector.o)
eth_isr                                           ../../../libopencm3//lib/libopencm3_stm32f1.a(vector.o)
eth_wkup_isr                                      ../../../libopencm3//lib/libopencm3_stm32f1.a(vector.o)
exti0_isr                                         ../../../libopencm3//lib/libopencm3_stm32f1.a(vector.o)
exti15_10_isr                                     ../../../libopencm3//lib/libopencm3_stm32f1.a(vector.o)
exti1_isr                                         ../../../libopencm3//lib/libopencm3_stm32f1.a(vector.o)
exti2_isr                                         ../../../libopencm3//lib/libopencm3_stm32f1.a(vector.o)
exti3_isr                                         ../../../libopencm3//lib/libopencm3_stm32f1.a(vector.o)
exti4_isr                                         ../../../libopencm3//lib/libopencm3_stm32f1.a(vector.o)
exti9_5_isr                                       ../../../libopencm3//lib/libopencm3_stm32f1.a(vector.o)
flash_isr                                         ../../../libopencm3//lib/libopencm3_stm32f1.a(vector.o)
flash_prefetch_disable                            ../../../libopencm3//lib/libopencm3_stm32f1.a(flash_common_all.o)
flash_prefetch_enable                             ../../../libopencm3//lib/libopencm3_stm32f1.a(flash_common_all.o)
flash_set_ws                                      ../../../libopencm3//lib/libopencm3_stm32f1.a(flash_common_all.o)
                                                  ../../../libopencm3//lib/libopencm3_stm32f1.a(rcc.o)
flash_unlock_option_bytes                         ../../../libopencm3//lib/libopencm3_stm32f1.a(flash_common_all.o)
fsmc_isr                                          ../../../libopencm3//lib/libopencm3_stm32f1.a(vector.o)
gpio_clear                                        ../../../libopencm3//lib/libopencm3_stm32f1.a(gpio_common_all.o)
gpio_get                                          ../../../libopencm3//lib/libopencm3_stm32f1.a(gpio_common_all.o)
gpio_port_config_lock                             ../../../libopencm3//lib/libopencm3_stm32f1.a(gpio_common_all.o)
gpio_port_read                                    ../../../libopencm3//lib/libopencm3_stm32f1.a(gpio_common_all.o)
gpio_port_write                                   ../../../libopencm3//lib/libopencm3_stm32f1.a(gpio_common_all.o)
gpio_primary_remap                                ../../../libopencm3//lib/libopencm3_stm32f1.a(gpio.o)
gpio_secondary_remap                              ../../../libopencm3//lib/libopencm3_stm32f1.a(gpio.o)
gpio_set                                          ../../../libopencm3//lib/libopencm3_stm32f1.a(gpio_common_all.o)
gpio_set_eventout                                 ../../../libopencm3//lib/libopencm3_stm32f1.a(gpio.o)
gpio_set_mode                                     ../../../libopencm3//lib/libopencm3_stm32f1.a(gpio.o)
                                                  blink.o
gpio_toggle                                       ../../../libopencm3//lib/libopencm3_stm32f1.a(gpio_common_all.o)
                                                  blink.o
hard_fault_handler                                ../../../libopencm3//lib/libopencm3_stm32f1.a(vector.o)
i2c1_er_isr                                       ../../../libopencm3//lib/libopencm3_stm32f1.a(vector.o)
i2c1_ev_isr                                       ../../../libopencm3//lib/libopencm3_stm32f1.a(vector.o)
i2c2_er_isr                                       ../../../libopencm3//lib/libopencm3_stm32f1.a(vector.o)
i2c2_ev_isr                                       ../../../libopencm3//lib/libopencm3_stm32f1.a(vector.o)
main                                              blink.o
                                                  ../../../libopencm3//lib/libopencm3_stm32f1.a(vector.o)
mem_manage_handler                                ../../../libopencm3//lib/libopencm3_stm32f1.a(vector.o)
nmi_handler                                       ../../../libopencm3//lib/libopencm3_stm32f1.a(vector.o)
null_handler                                      ../../../libopencm3//lib/libopencm3_stm32f1.a(vector.o)
otg_fs_isr                                        ../../../libopencm3//lib/libopencm3_stm32f1.a(vector.o)
pend_sv_handler                                   ../../../libopencm3//lib/libopencm3_stm32f1.a(vector.o)
pvd_isr                                           ../../../libopencm3//lib/libopencm3_stm32f1.a(vector.o)
rcc_ahb_frequency                                 ../../../libopencm3//lib/libopencm3_stm32f1.a(rcc.o)
rcc_apb1_frequency                                ../../../libopencm3//lib/libopencm3_stm32f1.a(rcc.o)
rcc_apb2_frequency                                ../../../libopencm3//lib/libopencm3_stm32f1.a(rcc.o)
rcc_backupdomain_reset                            ../../../libopencm3//lib/libopencm3_stm32f1.a(rcc.o)
rcc_clock_setup_in_hse_12mhz_out_72mhz            ../../../libopencm3//lib/libopencm3_stm32f1.a(rcc.o)
rcc_clock_setup_in_hse_16mhz_out_72mhz            ../../../libopencm3//lib/libopencm3_stm32f1.a(rcc.o)
rcc_clock_setup_in_hse_25mhz_out_72mhz            ../../../libopencm3//lib/libopencm3_stm32f1.a(rcc.o)
rcc_clock_setup_in_hse_8mhz_out_24mhz             ../../../libopencm3//lib/libopencm3_stm32f1.a(rcc.o)
rcc_clock_setup_in_hse_8mhz_out_72mhz             ../../../libopencm3//lib/libopencm3_stm32f1.a(rcc.o)
                                                  blink.o
rcc_clock_setup_in_hsi_out_24mhz                  ../../../libopencm3//lib/libopencm3_stm32f1.a(rcc.o)
rcc_clock_setup_in_hsi_out_48mhz                  ../../../libopencm3//lib/libopencm3_stm32f1.a(rcc.o)
rcc_clock_setup_in_hsi_out_64mhz                  ../../../libopencm3//lib/libopencm3_stm32f1.a(rcc.o)
rcc_clock_setup_pll                               ../../../libopencm3//lib/libopencm3_stm32f1.a(rcc.o)
rcc_css_disable                                   ../../../libopencm3//lib/libopencm3_stm32f1.a(rcc.o)
rcc_css_enable                                    ../../../libopencm3//lib/libopencm3_stm32f1.a(rcc.o)
rcc_css_int_clear                                 ../../../libopencm3//lib/libopencm3_stm32f1.a(rcc.o)
rcc_css_int_flag                                  ../../../libopencm3//lib/libopencm3_stm32f1.a(rcc.o)
rcc_enable_rtc_clock                              ../../../libopencm3//lib/libopencm3_stm32f1.a(rcc.o)
rcc_get_div_from_hpre                             ../../../libopencm3//lib/libopencm3_stm32f1.a(rcc_common_all.o)
rcc_get_i2c_clk_freq                              ../../../libopencm3//lib/libopencm3_stm32f1.a(rcc.o)
rcc_get_timer_clk_freq                            ../../../libopencm3//lib/libopencm3_stm32f1.a(rcc.o)
rcc_get_usart_clk_freq                            ../../../libopencm3//lib/libopencm3_stm32f1.a(rcc.o)
rcc_hse_configs                                   ../../../libopencm3//lib/libopencm3_stm32f1.a(rcc.o)
rcc_hsi_configs                                   ../../../libopencm3//lib/libopencm3_stm32f1.a(rcc.o)
rcc_is_osc_ready                                  ../../../libopencm3//lib/libopencm3_stm32f1.a(rcc.o)
rcc_isr                                           ../../../libopencm3//lib/libopencm3_stm32f1.a(vector.o)
rcc_osc_bypass_disable                            ../../../libopencm3//lib/libopencm3_stm32f1.a(rcc_common_all.o)
rcc_osc_bypass_enable                             ../../../libopencm3//lib/libopencm3_stm32f1.a(rcc_common_all.o)
rcc_osc_off                                       ../../../libopencm3//lib/libopencm3_stm32f1.a(rcc.o)
rcc_osc_on                                        ../../../libopencm3//lib/libopencm3_stm32f1.a(rcc.o)
rcc_osc_ready_int_clear                           ../../../libopencm3//lib/libopencm3_stm32f1.a(rcc.o)
rcc_osc_ready_int_disable                         ../../../libopencm3//lib/libopencm3_stm32f1.a(rcc.o)
rcc_osc_ready_int_enable                          ../../../libopencm3//lib/libopencm3_stm32f1.a(rcc.o)
rcc_osc_ready_int_flag                            ../../../libopencm3//lib/libopencm3_stm32f1.a(rcc.o)
rcc_periph_clock_disable                          ../../../libopencm3//lib/libopencm3_stm32f1.a(rcc_common_all.o)
rcc_periph_clock_enable                           ../../../libopencm3//lib/libopencm3_stm32f1.a(rcc_common_all.o)
                                                  blink.o
rcc_periph_reset_hold                             ../../../libopencm3//lib/libopencm3_stm32f1.a(rcc_common_all.o)
rcc_periph_reset_pulse                            ../../../libopencm3//lib/libopencm3_stm32f1.a(rcc_common_all.o)
rcc_periph_reset_release                          ../../../libopencm3//lib/libopencm3_stm32f1.a(rcc_common_all.o)
rcc_peripheral_clear_reset                        ../../../libopencm3//lib/libopencm3_stm32f1.a(rcc_common_all.o)
rcc_peripheral_disable_clock                      ../../../libopencm3//lib/libopencm3_stm32f1.a(rcc_common_all.o)
rcc_peripheral_enable_clock                       ../../../libopencm3//lib/libopencm3_stm32f1.a(rcc_common_all.o)
rcc_peripheral_reset                              ../../../libopencm3//lib/libopencm3_stm32f1.a(rcc_common_all.o)
rcc_rtc_clock_enabled_flag                        ../../../libopencm3//lib/libopencm3_stm32f1.a(rcc.o)
rcc_set_adcpre                                    ../../../libopencm3//lib/libopencm3_stm32f1.a(rcc.o)
rcc_set_hpre                                      ../../../libopencm3//lib/libopencm3_stm32f1.a(rcc.o)
rcc_set_mco                                       ../../../libopencm3//lib/libopencm3_stm32f1.a(rcc_common_all.o)
rcc_set_pll2_multiplication_factor                ../../../libopencm3//lib/libopencm3_stm32f1.a(rcc.o)
rcc_set_pll3_multiplication_factor                ../../../libopencm3//lib/libopencm3_stm32f1.a(rcc.o)
rcc_set_pll_multiplication_factor                 ../../../libopencm3//lib/libopencm3_stm32f1.a(rcc.o)
rcc_set_pll_source                                ../../../libopencm3//lib/libopencm3_stm32f1.a(rcc.o)
rcc_set_pllxtpre                                  ../../../libopencm3//lib/libopencm3_stm32f1.a(rcc.o)
rcc_set_ppre1                                     ../../../libopencm3//lib/libopencm3_stm32f1.a(rcc.o)
rcc_set_ppre2                                     ../../../libopencm3//lib/libopencm3_stm32f1.a(rcc.o)
rcc_set_prediv1                                   ../../../libopencm3//lib/libopencm3_stm32f1.a(rcc.o)
rcc_set_prediv1_source                            ../../../libopencm3//lib/libopencm3_stm32f1.a(rcc.o)
rcc_set_prediv2                                   ../../../libopencm3//lib/libopencm3_stm32f1.a(rcc.o)
rcc_set_rtc_clock_source                          ../../../libopencm3//lib/libopencm3_stm32f1.a(rcc.o)
rcc_set_sysclk_source                             ../../../libopencm3//lib/libopencm3_stm32f1.a(rcc.o)
rcc_set_usbpre                                    ../../../libopencm3//lib/libopencm3_stm32f1.a(rcc.o)
rcc_system_clock_source                           ../../../libopencm3//lib/libopencm3_stm32f1.a(rcc.o)
rcc_wait_for_osc_ready                            ../../../libopencm3//lib/libopencm3_stm32f1.a(rcc.o)
reset_handler                                     ../../../libopencm3//lib/libopencm3_stm32f1.a(vector.o)
rtc_alarm_isr                                     ../../../libopencm3//lib/libopencm3_stm32f1.a(vector.o)
rtc_isr                                           ../../../libopencm3//lib/libopencm3_stm32f1.a(vector.o)
sdio_isr                                          ../../../libopencm3//lib/libopencm3_stm32f1.a(vector.o)
spi1_isr                                          ../../../libopencm3//lib/libopencm3_stm32f1.a(vector.o)
spi2_isr                                          ../../../libopencm3//lib/libopencm3_stm32f1.a(vector.o)
spi3_isr                                          ../../../libopencm3//lib/libopencm3_stm32f1.a(vector.o)
sv_call_handler                                   ../../../libopencm3//lib/libopencm3_stm32f1.a(vector.o)
sys_tick_handler                                  ../../../libopencm3//lib/libopencm3_stm32f1.a(vector.o)
tamper_isr                                        ../../../libopencm3//lib/libopencm3_stm32f1.a(vector.o)
tim1_brk_isr                                      ../../../libopencm3//lib/libopencm3_stm32f1.a(vector.o)
tim1_cc_isr                                       ../../../libopencm3//lib/libopencm3_stm32f1.a(vector.o)
tim1_trg_com_isr                                  ../../../libopencm3//lib/libopencm3_stm32f1.a(vector.o)
tim1_up_isr                                       ../../../libopencm3//lib/libopencm3_stm32f1.a(vector.o)
tim2_isr                                          ../../../libopencm3//lib/libopencm3_stm32f1.a(vector.o)
tim3_isr                                          ../../../libopencm3//lib/libopencm3_stm32f1.a(vector.o)
tim4_isr                                          ../../../libopencm3//lib/libopencm3_stm32f1.a(vector.o)
tim5_isr                                          ../../../libopencm3//lib/libopencm3_stm32f1.a(vector.o)
tim6_isr                                          ../../../libopencm3//lib/libopencm3_stm32f1.a(vector.o)
tim7_isr                                          ../../../libopencm3//lib/libopencm3_stm32f1.a(vector.o)
tim8_brk_isr                                      ../../../libopencm3//lib/libopencm3_stm32f1.a(vector.o)
tim8_cc_isr                                       ../../../libopencm3//lib/libopencm3_stm32f1.a(vector.o)
tim8_trg_com_isr                                  ../../../libopencm3//lib/libopencm3_stm32f1.a(vector.o)
tim8_up_isr                                       ../../../libopencm3//lib/libopencm3_stm32f1.a(vector.o)
uart4_isr                                         ../../../libopencm3//lib/libopencm3_stm32f1.a(vector.o)
uart5_isr                                         ../../../libopencm3//lib/libopencm3_stm32f1.a(vector.o)
usage_fault_handler                               ../../../libopencm3//lib/libopencm3_stm32f1.a(vector.o)
usart1_isr                                        ../../../libopencm3//lib/libopencm3_stm32f1.a(vector.o)
usart2_isr                                        ../../../libopencm3//lib/libopencm3_stm32f1.a(vector.o)
usart3_isr                                        ../../../libopencm3//lib/libopencm3_stm32f1.a(vector.o)
usb_hp_can_tx_isr                                 ../../../libopencm3//lib/libopencm3_stm32f1.a(vector.o)
usb_lp_can_rx0_isr                                ../../../libopencm3//lib/libopencm3_stm32f1.a(vector.o)
usb_wakeup_isr                                    ../../../libopencm3//lib/libopencm3_stm32f1.a(vector.o)
vector_table                                      ../../../libopencm3//lib/libopencm3_stm32f1.a(vector.o)
wwdg_isr                                          ../../../libopencm3//lib/libopencm3_stm32f1.a(vector.o)
