Archive member included to satisfy reference by file (symbol)

../../../libopencm3//lib/libopencm3_stm32f1.a(gpio.o)
                              echo.o (gpio_set_mode)
../../../libopencm3//lib/libopencm3_stm32f1.a(rcc.o)
                              echo.o (rcc_clock_setup_in_hse_8mhz_out_72mhz)
../../../libopencm3//lib/libopencm3_stm32f1.a(rcc_common_all.o)
                              echo.o (rcc_periph_clock_enable)
../../../libopencm3//lib/libopencm3_stm32f1.a(usart_common_all.o)
                              echo.o (usart_set_baudrate)
../../../libopencm3//lib/libopencm3_stm32f1.a(usart_common_f124.o)
                              ../../../libopencm3//lib/libopencm3_stm32f1.a(usart_common_all.o) (usart_send)
../../../libopencm3//lib/libopencm3_stm32f1.a(vector.o)
                              (reset_handler)
../../../libopencm3//lib/libopencm3_stm32f1.a(assert.o)
                              ../../../libopencm3//lib/libopencm3_stm32f1.a(rcc.o) (cm3_assert_failed)
../../../libopencm3//lib/libopencm3_stm32f1.a(flash_common_all.o)
                              ../../../libopencm3//lib/libopencm3_stm32f1.a(rcc.o) (flash_set_ws)

Discarded input sections

 .group         0x0000000000000000        0xc echo.o
 .group         0x0000000000000000        0xc echo.o
 .group         0x0000000000000000        0xc echo.o
 .group         0x0000000000000000        0xc echo.o
 .group         0x0000000000000000        0xc echo.o
 .group         0x0000000000000000        0xc echo.o
 .group         0x0000000000000000        0xc echo.o
 .group         0x0000000000000000        0xc echo.o
 .group         0x0000000000000000        0xc echo.o
 .group         0x0000000000000000        0xc echo.o
 .group         0x0000000000000000        0xc echo.o
 .group         0x0000000000000000        0xc echo.o
 .group         0x0000000000000000        0xc echo.o
 .group         0x0000000000000000        0xc echo.o
 .group         0x0000000000000000        0xc echo.o
 .group         0x0000000000000000        0xc echo.o
 .group         0x0000000000000000        0xc echo.o
 .text          0x0000000000000000        0x0 echo.o
 .data          0x0000000000000000        0x0 echo.o
 .bss           0x0000000000000000        0x0 echo.o
 .group         0x0000000000000000        0xc ../../../libopencm3//lib/libopencm3_stm32f1.a(gpio.o)
 .group         0x0000000000000000        0xc ../../../libopencm3//lib/libopencm3_stm32f1.a(gpio.o)
 .group         0x0000000000000000        0xc ../../../libopencm3//lib/libopencm3_stm32f1.a(gpio.o)
 .group         0x0000000000000000        0xc ../../../libopencm3//lib/libopencm3_stm32f1.a(gpio.o)
 .group         0x0000000000000000        0xc ../../../libopencm3//lib/libopencm3_stm32f1.a(gpio.o)
 .group         0x0000000000000000        0xc ../../../libopencm3//lib/libopencm3_stm32f1.a(gpio.o)
 .group         0x0000000000000000        0xc ../../../libopencm3//lib/libopencm3_stm32f1.a(gpio.o)
 .group         0x0000000000000000        0xc ../../../libopencm3//lib/libopencm3_stm32f1.a(gpio.o)
 .group         0x0000000000000000        0xc ../../../libopencm3//lib/libopencm3_stm32f1.a(gpio.o)
 .group         0x0000000000000000        0xc ../../../libopencm3//lib/libopencm3_stm32f1.a(gpio.o)
 .group         0x0000000000000000        0xc ../../../libopencm3//lib/libopencm3_stm32f1.a(gpio.o)
 .group         0x0000000000000000        0xc ../../../libopencm3//lib/libopencm3_stm32f1.a(gpio.o)
 .group         0x0000000000000000        0xc ../../../libopencm3//lib/libopencm3_stm32f1.a(gpio.o)
 .group         0x0000000000000000        0xc ../../../libopencm3//lib/libopencm3_stm32f1.a(gpio.o)
 .text          0x0000000000000000        0x0 ../../../libopencm3//lib/libopencm3_stm32f1.a(gpio.o)
 .data          0x0000000000000000        0x0 ../../../libopencm3//lib/libopencm3_stm32f1.a(gpio.o)
 .bss           0x0000000000000000        0x0 ../../../libopencm3//lib/libopencm3_stm32f1.a(gpio.o)
 .text.gpio_set_eventout
                0x0000000000000000       0x10 ../../../libopencm3//lib/libopencm3_stm32f1.a(gpio.o)
 .text.gpio_primary_remap
                0x0000000000000000       0x14 ../../../libopencm3//lib/libopencm3_stm32f1.a(gpio.o)
 .text.gpio_secondary_remap
                0x0000000000000000       0x10 ../../../libopencm3//lib/libopencm3_stm32f1.a(gpio.o)
 .debug_macro   0x0000000000000000      0xa9c ../../../libopencm3//lib/libopencm3_stm32f1.a(gpio.o)
 .debug_macro   0x0000000000000000       0x1c ../../../libopencm3//lib/libopencm3_stm32f1.a(gpio.o)
 .debug_macro   0x0000000000000000       0x22 ../../../libopencm3//lib/libopencm3_stm32f1.a(gpio.o)
 .debug_macro   0x0000000000000000       0x56 ../../../libopencm3//lib/libopencm3_stm32f1.a(gpio.o)
 .debug_macro   0x0000000000000000       0x51 ../../../libopencm3//lib/libopencm3_stm32f1.a(gpio.o)
 .debug_macro   0x0000000000000000      0x103 ../../../libopencm3//lib/libopencm3_stm32f1.a(gpio.o)
 .debug_macro   0x0000000000000000       0x6a ../../../libopencm3//lib/libopencm3_stm32f1.a(gpio.o)
 .debug_macro   0x0000000000000000      0x1df ../../../libopencm3//lib/libopencm3_stm32f1.a(gpio.o)
 .debug_macro   0x0000000000000000       0x22 ../../../libopencm3//lib/libopencm3_stm32f1.a(gpio.o)
 .debug_macro   0x0000000000000000       0xe8 ../../../libopencm3//lib/libopencm3_stm32f1.a(gpio.o)
 .debug_macro   0x0000000000000000       0x76 ../../../libopencm3//lib/libopencm3_stm32f1.a(gpio.o)
 .debug_macro   0x0000000000000000      0x1b4 ../../../libopencm3//lib/libopencm3_stm32f1.a(gpio.o)
 .debug_macro   0x0000000000000000       0x76 ../../../libopencm3//lib/libopencm3_stm32f1.a(gpio.o)
 .debug_macro   0x0000000000000000      0xe2e ../../../libopencm3//lib/libopencm3_stm32f1.a(gpio.o)
 .group         0x0000000000000000        0xc ../../../libopencm3//lib/libopencm3_stm32f1.a(rcc.o)
 .group         0x0000000000000000        0xc ../../../libopencm3//lib/libopencm3_stm32f1.a(rcc.o)
 .group         0x0000000000000000        0xc ../../../libopencm3//lib/libopencm3_stm32f1.a(rcc.o)
 .group         0x0000000000000000        0xc ../../../libopencm3//lib/libopencm3_stm32f1.a(rcc.o)
 .group         0x0000000000000000        0xc ../../../libopencm3//lib/libopencm3_stm32f1.a(rcc.o)
 .group         0x0000000000000000        0xc ../../../libopencm3//lib/libopencm3_stm32f1.a(rcc.o)
 .group         0x0000000000000000        0xc ../../../libopencm3//lib/libopencm3_stm32f1.a(rcc.o)
 .group         0x0000000000000000        0xc ../../../libopencm3//lib/libopencm3_stm32f1.a(rcc.o)
 .group         0x0000000000000000        0xc ../../../libopencm3//lib/libopencm3_stm32f1.a(rcc.o)
 .group         0x0000000000000000        0xc ../../../libopencm3//lib/libopencm3_stm32f1.a(rcc.o)
 .group         0x0000000000000000        0xc ../../../libopencm3//lib/libopencm3_stm32f1.a(rcc.o)
 .group         0x0000000000000000        0xc ../../../libopencm3//lib/libopencm3_stm32f1.a(rcc.o)
 .group         0x0000000000000000        0xc ../../../libopencm3//lib/libopencm3_stm32f1.a(rcc.o)
 .group         0x0000000000000000        0xc ../../../libopencm3//lib/libopencm3_stm32f1.a(rcc.o)
 .group         0x0000000000000000        0xc ../../../libopencm3//lib/libopencm3_stm32f1.a(rcc.o)
 .group         0x0000000000000000        0xc ../../../libopencm3//lib/libopencm3_stm32f1.a(rcc.o)
 .text          0x0000000000000000        0x0 ../../../libopencm3//lib/libopencm3_stm32f1.a(rcc.o)
 .data          0x0000000000000000        0x0 ../../../libopencm3//lib/libopencm3_stm32f1.a(rcc.o)
 .bss           0x0000000000000000        0x0 ../../../libopencm3//lib/libopencm3_stm32f1.a(rcc.o)
 .text.rcc_osc_ready_int_clear
                0x0000000000000000       0x5c ../../../libopencm3//lib/libopencm3_stm32f1.a(rcc.o)
 .text.rcc_osc_ready_int_enable
                0x0000000000000000       0x5c ../../../libopencm3//lib/libopencm3_stm32f1.a(rcc.o)
 .text.rcc_osc_ready_int_disable
                0x0000000000000000       0x5c ../../../libopencm3//lib/libopencm3_stm32f1.a(rcc.o)
 .text.rcc_osc_ready_int_flag
                0x0000000000000000       0x54 ../../../libopencm3//lib/libopencm3_stm32f1.a(rcc.o)
 .text.rcc_css_int_clear
                0x0000000000000000       0x10 ../../../libopencm3//lib/libopencm3_stm32f1.a(rcc.o)
 .text.rcc_css_int_flag
                0x0000000000000000       0x10 ../../../libopencm3//lib/libopencm3_stm32f1.a(rcc.o)
 .text.rcc_osc_off
                0x0000000000000000       0x60 ../../../libopencm3//lib/libopencm3_stm32f1.a(rcc.o)
 .text.rcc_css_enable
                0x0000000000000000       0x10 ../../../libopencm3//lib/libopencm3_stm32f1.a(rcc.o)
 .text.rcc_css_disable
                0x0000000000000000       0x10 ../../../libopencm3//lib/libopencm3_stm32f1.a(rcc.o)
 .text.rcc_set_pll2_multiplication_factor
                0x0000000000000000       0x14 ../../../libopencm3//lib/libopencm3_stm32f1.a(rcc.o)
 .text.rcc_set_pll3_multiplication_factor
                0x0000000000000000       0x14 ../../../libopencm3//lib/libopencm3_stm32f1.a(rcc.o)
 .text.rcc_rtc_clock_enabled_flag
                0x0000000000000000       0x10 ../../../libopencm3//lib/libopencm3_stm32f1.a(rcc.o)
 .text.rcc_enable_rtc_clock
                0x0000000000000000       0x10 ../../../libopencm3//lib/libopencm3_stm32f1.a(rcc.o)
 .text.rcc_set_rtc_clock_source
                0x0000000000000000       0x84 ../../../libopencm3//lib/libopencm3_stm32f1.a(rcc.o)
 .text.rcc_set_usbpre
                0x0000000000000000       0x18 ../../../libopencm3//lib/libopencm3_stm32f1.a(rcc.o)
 .text.rcc_set_prediv1
                0x0000000000000000       0x14 ../../../libopencm3//lib/libopencm3_stm32f1.a(rcc.o)
 .text.rcc_set_prediv2
                0x0000000000000000       0x14 ../../../libopencm3//lib/libopencm3_stm32f1.a(rcc.o)
 .text.rcc_set_prediv1_source
                0x0000000000000000       0x18 ../../../libopencm3//lib/libopencm3_stm32f1.a(rcc.o)
 .text.rcc_system_clock_source
                0x0000000000000000       0x10 ../../../libopencm3//lib/libopencm3_stm32f1.a(rcc.o)
 .text.rcc_clock_setup_in_hsi_out_64mhz
                0x0000000000000000       0x70 ../../../libopencm3//lib/libopencm3_stm32f1.a(rcc.o)
 .text.rcc_clock_setup_in_hsi_out_48mhz
                0x0000000000000000       0x7c ../../../libopencm3//lib/libopencm3_stm32f1.a(rcc.o)
 .text.rcc_clock_setup_in_hsi_out_24mhz
                0x0000000000000000       0x60 ../../../libopencm3//lib/libopencm3_stm32f1.a(rcc.o)
 .text.rcc_clock_setup_in_hse_8mhz_out_24mhz
                0x0000000000000000       0x78 ../../../libopencm3//lib/libopencm3_stm32f1.a(rcc.o)
 .text.rcc_clock_setup_in_hse_12mhz_out_72mhz
                0x0000000000000000       0x88 ../../../libopencm3//lib/libopencm3_stm32f1.a(rcc.o)
 .text.rcc_clock_setup_in_hse_16mhz_out_72mhz
                0x0000000000000000       0x88 ../../../libopencm3//lib/libopencm3_stm32f1.a(rcc.o)
 .text.rcc_clock_setup_in_hse_25mhz_out_72mhz
                0x0000000000000000       0xa8 ../../../libopencm3//lib/libopencm3_stm32f1.a(rcc.o)
 .text.rcc_clock_setup_pll
                0x0000000000000000       0xbc ../../../libopencm3//lib/libopencm3_stm32f1.a(rcc.o)
 .text.rcc_backupdomain_reset
                0x0000000000000000       0x18 ../../../libopencm3//lib/libopencm3_stm32f1.a(rcc.o)
 .text.rcc_get_usart_clk_freq
                0x0000000000000000       0x1c ../../../libopencm3//lib/libopencm3_stm32f1.a(rcc.o)
 .text.rcc_get_timer_clk_freq
                0x0000000000000000       0x34 ../../../libopencm3//lib/libopencm3_stm32f1.a(rcc.o)
 .text.rcc_get_i2c_clk_freq
                0x0000000000000000        0xc ../../../libopencm3//lib/libopencm3_stm32f1.a(rcc.o)
 .rodata.rcc_hsi_configs
                0x0000000000000000       0x54 ../../../libopencm3//lib/libopencm3_stm32f1.a(rcc.o)
 .rodata.rcc_hse_configs
                0x0000000000000000       0x8c ../../../libopencm3//lib/libopencm3_stm32f1.a(rcc.o)
 .debug_macro   0x0000000000000000      0xa9c ../../../libopencm3//lib/libopencm3_stm32f1.a(rcc.o)
 .debug_macro   0x0000000000000000       0x1c ../../../libopencm3//lib/libopencm3_stm32f1.a(rcc.o)
 .debug_macro   0x0000000000000000       0x22 ../../../libopencm3//lib/libopencm3_stm32f1.a(rcc.o)
 .debug_macro   0x0000000000000000       0x56 ../../../libopencm3//lib/libopencm3_stm32f1.a(rcc.o)
 .debug_macro   0x0000000000000000       0x51 ../../../libopencm3//lib/libopencm3_stm32f1.a(rcc.o)
 .debug_macro   0x0000000000000000      0x103 ../../../libopencm3//lib/libopencm3_stm32f1.a(rcc.o)
 .debug_macro   0x0000000000000000       0x6a ../../../libopencm3//lib/libopencm3_stm32f1.a(rcc.o)
 .debug_macro   0x0000000000000000      0x1df ../../../libopencm3//lib/libopencm3_stm32f1.a(rcc.o)
 .debug_macro   0x0000000000000000       0x22 ../../../libopencm3//lib/libopencm3_stm32f1.a(rcc.o)
 .debug_macro   0x0000000000000000       0xe8 ../../../libopencm3//lib/libopencm3_stm32f1.a(rcc.o)
 .debug_macro   0x0000000000000000       0x76 ../../../libopencm3//lib/libopencm3_stm32f1.a(rcc.o)
 .debug_macro   0x0000000000000000      0x1b4 ../../../libopencm3//lib/libopencm3_stm32f1.a(rcc.o)
 .debug_macro   0x0000000000000000      0x8c6 ../../../libopencm3//lib/libopencm3_stm32f1.a(rcc.o)
 .group         0x0000000000000000        0xc ../../../libopencm3//lib/libopencm3_stm32f1.a(rcc_common_all.o)
 .group         0x0000000000000000        0xc ../../../libopencm3//lib/libopencm3_stm32f1.a(rcc_common_all.o)
 .group         0x0000000000000000        0xc ../../../libopencm3//lib/libopencm3_stm32f1.a(rcc_common_all.o)
 .group         0x0000000000000000        0xc ../../../libopencm3//lib/libopencm3_stm32f1.a(rcc_common_all.o)
 .group         0x0000000000000000        0xc ../../../libopencm3//lib/libopencm3_stm32f1.a(rcc_common_all.o)
 .group         0x0000000000000000        0xc ../../../libopencm3//lib/libopencm3_stm32f1.a(rcc_common_all.o)
 .group         0x0000000000000000        0xc ../../../libopencm3//lib/libopencm3_stm32f1.a(rcc_common_all.o)
 .group         0x0000000000000000        0xc ../../../libopencm3//lib/libopencm3_stm32f1.a(rcc_common_all.o)
 .group         0x0000000000000000        0xc ../../../libopencm3//lib/libopencm3_stm32f1.a(rcc_common_all.o)
 .group         0x0000000000000000        0xc ../../../libopencm3//lib/libopencm3_stm32f1.a(rcc_common_all.o)
 .group         0x0000000000000000        0xc ../../../libopencm3//lib/libopencm3_stm32f1.a(rcc_common_all.o)
 .group         0x0000000000000000        0xc ../../../libopencm3//lib/libopencm3_stm32f1.a(rcc_common_all.o)
 .group         0x0000000000000000        0xc ../../../libopencm3//lib/libopencm3_stm32f1.a(rcc_common_all.o)
 .text          0x0000000000000000        0x0 ../../../libopencm3//lib/libopencm3_stm32f1.a(rcc_common_all.o)
 .data          0x0000000000000000        0x0 ../../../libopencm3//lib/libopencm3_stm32f1.a(rcc_common_all.o)
 .bss           0x0000000000000000        0x0 ../../../libopencm3//lib/libopencm3_stm32f1.a(rcc_common_all.o)
 .text.rcc_peripheral_enable_clock
                0x0000000000000000        0x8 ../../../libopencm3//lib/libopencm3_stm32f1.a(rcc_common_all.o)
 .text.rcc_peripheral_disable_clock
                0x0000000000000000        0xa ../../../libopencm3//lib/libopencm3_stm32f1.a(rcc_common_all.o)
 .text.rcc_peripheral_reset
                0x0000000000000000        0x8 ../../../libopencm3//lib/libopencm3_stm32f1.a(rcc_common_all.o)
 .text.rcc_peripheral_clear_reset
                0x0000000000000000        0xa ../../../libopencm3//lib/libopencm3_stm32f1.a(rcc_common_all.o)
 .text.rcc_periph_clock_disable
                0x0000000000000000       0x1c ../../../libopencm3//lib/libopencm3_stm32f1.a(rcc_common_all.o)
 .text.rcc_periph_reset_pulse
                0x0000000000000000       0x22 ../../../libopencm3//lib/libopencm3_stm32f1.a(rcc_common_all.o)
 .text.rcc_periph_reset_hold
                0x0000000000000000        0x4 ../../../libopencm3//lib/libopencm3_stm32f1.a(rcc_common_all.o)
 .text.rcc_periph_reset_release
                0x0000000000000000        0x4 ../../../libopencm3//lib/libopencm3_stm32f1.a(rcc_common_all.o)
 .text.rcc_set_mco
                0x0000000000000000       0x14 ../../../libopencm3//lib/libopencm3_stm32f1.a(rcc_common_all.o)
 .text.rcc_osc_bypass_enable
                0x0000000000000000       0x28 ../../../libopencm3//lib/libopencm3_stm32f1.a(rcc_common_all.o)
 .text.rcc_osc_bypass_disable
                0x0000000000000000       0x28 ../../../libopencm3//lib/libopencm3_stm32f1.a(rcc_common_all.o)
 .text.rcc_get_div_from_hpre
                0x0000000000000000       0x18 ../../../libopencm3//lib/libopencm3_stm32f1.a(rcc_common_all.o)
 .debug_macro   0x0000000000000000      0xa9c ../../../libopencm3//lib/libopencm3_stm32f1.a(rcc_common_all.o)
 .debug_macro   0x0000000000000000       0x1c ../../../libopencm3//lib/libopencm3_stm32f1.a(rcc_common_all.o)
 .debug_macro   0x0000000000000000       0x22 ../../../libopencm3//lib/libopencm3_stm32f1.a(rcc_common_all.o)
 .debug_macro   0x0000000000000000       0x56 ../../../libopencm3//lib/libopencm3_stm32f1.a(rcc_common_all.o)
 .debug_macro   0x0000000000000000       0x51 ../../../libopencm3//lib/libopencm3_stm32f1.a(rcc_common_all.o)
 .debug_macro   0x0000000000000000      0x103 ../../../libopencm3//lib/libopencm3_stm32f1.a(rcc_common_all.o)
 .debug_macro   0x0000000000000000       0x6a ../../../libopencm3//lib/libopencm3_stm32f1.a(rcc_common_all.o)
 .debug_macro   0x0000000000000000      0x1df ../../../libopencm3//lib/libopencm3_stm32f1.a(rcc_common_all.o)
 .debug_macro   0x0000000000000000       0x22 ../../../libopencm3//lib/libopencm3_stm32f1.a(rcc_common_all.o)
 .debug_macro   0x0000000000000000       0xe8 ../../../libopencm3//lib/libopencm3_stm32f1.a(rcc_common_all.o)
 .debug_macro   0x0000000000000000       0x76 ../../../libopencm3//lib/libopencm3_stm32f1.a(rcc_common_all.o)
 .debug_macro   0x0000000000000000      0x1b4 ../../../libopencm3//lib/libopencm3_stm32f1.a(rcc_common_all.o)
 .debug_macro   0x0000000000000000      0x8c6 ../../../libopencm3//lib/libopencm3_stm32f1.a(rcc_common_all.o)
 .group         0x0000000000000000        0xc ../../../libopencm3//lib/libopencm3_stm32f1.a(usart_common_all.o)
 .group         0x0000000000000000        0xc ../../../libopencm3//lib/libopencm3_stm32f1.a(usart_common_all.o)
 .group         0x0000000000000000        0xc ../../../libopencm3//lib/libopencm3_stm32f1.a(usart_common_all.o)
 .group         0x0000000000000000        0xc ../../../libopencm3//lib/libopencm3_stm32f1.a(usart_common_all.o)
 .group         0x0000000000000000        0xc ../../../libopencm3//lib/libopencm3_stm32f1.a(usart_common_all.o)
 .group         0x0000000000000000        0xc ../../../libopencm3//lib/libopencm3_stm32f1.a(usart_common_all.o)
 .group         0x0000000000000000        0xc ../../../libopencm3//lib/libopencm3_stm32f1.a(usart_common_all.o)
 .group         0x0000000000000000        0xc ../../../libopencm3//lib/libopencm3_stm32f1.a(usart_common_all.o)
 .group         0x0000000000000000        0xc ../../../libopencm3//lib/libopencm3_stm32f1.a(usart_common_all.o)
 .group         0x0000000000000000        0xc ../../../libopencm3//lib/libopencm3_stm32f1.a(usart_common_all.o)
 .group         0x0000000000000000        0xc ../../../libopencm3//lib/libopencm3_stm32f1.a(usart_common_all.o)
 .group         0x0000000000000000        0xc ../../../libopencm3//lib/libopencm3_stm32f1.a(usart_common_all.o)
 .group         0x0000000000000000        0xc ../../../libopencm3//lib/libopencm3_stm32f1.a(usart_common_all.o)
 .group         0x0000000000000000        0xc ../../../libopencm3//lib/libopencm3_stm32f1.a(usart_common_all.o)
 .group         0x0000000000000000        0xc ../../../libopencm3//lib/libopencm3_stm32f1.a(usart_common_all.o)
 .text          0x0000000000000000        0x0 ../../../libopencm3//lib/libopencm3_stm32f1.a(usart_common_all.o)
 .data          0x0000000000000000        0x0 ../../../libopencm3//lib/libopencm3_stm32f1.a(usart_common_all.o)
 .bss           0x0000000000000000        0x0 ../../../libopencm3//lib/libopencm3_stm32f1.a(usart_common_all.o)
 .text.usart_disable
                0x0000000000000000        0xa ../../../libopencm3//lib/libopencm3_stm32f1.a(usart_common_all.o)
 .text.usart_enable_rx_dma
                0x0000000000000000        0xa ../../../libopencm3//lib/libopencm3_stm32f1.a(usart_common_all.o)
 .text.usart_disable_rx_dma
                0x0000000000000000        0xa ../../../libopencm3//lib/libopencm3_stm32f1.a(usart_common_all.o)
 .text.usart_enable_tx_dma
                0x0000000000000000        0xa ../../../libopencm3//lib/libopencm3_stm32f1.a(usart_common_all.o)
 .text.usart_disable_tx_dma
                0x0000000000000000        0xa ../../../libopencm3//lib/libopencm3_stm32f1.a(usart_common_all.o)
 .text.usart_enable_rx_interrupt
                0x0000000000000000        0xa ../../../libopencm3//lib/libopencm3_stm32f1.a(usart_common_all.o)
 .text.usart_disable_rx_interrupt
                0x0000000000000000        0xa ../../../libopencm3//lib/libopencm3_stm32f1.a(usart_common_all.o)
 .text.usart_enable_tx_interrupt
                0x0000000000000000        0xa ../../../libopencm3//lib/libopencm3_stm32f1.a(usart_common_all.o)
 .text.usart_disable_tx_interrupt
                0x0000000000000000        0xa ../../../libopencm3//lib/libopencm3_stm32f1.a(usart_common_all.o)
 .text.usart_enable_tx_complete_interrupt
                0x0000000000000000        0xa ../../../libopencm3//lib/libopencm3_stm32f1.a(usart_common_all.o)
 .text.usart_disable_tx_complete_interrupt
                0x0000000000000000        0xa ../../../libopencm3//lib/libopencm3_stm32f1.a(usart_common_all.o)
 .text.usart_enable_idle_interrupt
                0x0000000000000000        0xa ../../../libopencm3//lib/libopencm3_stm32f1.a(usart_common_all.o)
 .text.usart_disable_idle_interrupt
                0x0000000000000000        0xa ../../../libopencm3//lib/libopencm3_stm32f1.a(usart_common_all.o)
 .text.usart_enable_error_interrupt
                0x0000000000000000        0xa ../../../libopencm3//lib/libopencm3_stm32f1.a(usart_common_all.o)
 .text.usart_disable_error_interrupt
                0x0000000000000000        0xa ../../../libopencm3//lib/libopencm3_stm32f1.a(usart_common_all.o)
 .debug_macro   0x0000000000000000      0xa9c ../../../libopencm3//lib/libopencm3_stm32f1.a(usart_common_all.o)
 .debug_macro   0x0000000000000000       0x1c ../../../libopencm3//lib/libopencm3_stm32f1.a(usart_common_all.o)
 .debug_macro   0x0000000000000000       0x22 ../../../libopencm3//lib/libopencm3_stm32f1.a(usart_common_all.o)
 .debug_macro   0x0000000000000000       0x56 ../../../libopencm3//lib/libopencm3_stm32f1.a(usart_common_all.o)
 .debug_macro   0x0000000000000000       0x51 ../../../libopencm3//lib/libopencm3_stm32f1.a(usart_common_all.o)
 .debug_macro   0x0000000000000000      0x103 ../../../libopencm3//lib/libopencm3_stm32f1.a(usart_common_all.o)
 .debug_macro   0x0000000000000000       0x6a ../../../libopencm3//lib/libopencm3_stm32f1.a(usart_common_all.o)
 .debug_macro   0x0000000000000000      0x1df ../../../libopencm3//lib/libopencm3_stm32f1.a(usart_common_all.o)
 .debug_macro   0x0000000000000000       0x22 ../../../libopencm3//lib/libopencm3_stm32f1.a(usart_common_all.o)
 .debug_macro   0x0000000000000000       0xe8 ../../../libopencm3//lib/libopencm3_stm32f1.a(usart_common_all.o)
 .debug_macro   0x0000000000000000       0x76 ../../../libopencm3//lib/libopencm3_stm32f1.a(usart_common_all.o)
 .debug_macro   0x0000000000000000      0x1b4 ../../../libopencm3//lib/libopencm3_stm32f1.a(usart_common_all.o)
 .debug_macro   0x0000000000000000       0x94 ../../../libopencm3//lib/libopencm3_stm32f1.a(usart_common_all.o)
 .debug_macro   0x0000000000000000      0x29e ../../../libopencm3//lib/libopencm3_stm32f1.a(usart_common_all.o)
 .debug_macro   0x0000000000000000      0x8c6 ../../../libopencm3//lib/libopencm3_stm32f1.a(usart_common_all.o)
 .group         0x0000000000000000        0xc ../../../libopencm3//lib/libopencm3_stm32f1.a(usart_common_f124.o)
 .group         0x0000000000000000        0xc ../../../libopencm3//lib/libopencm3_stm32f1.a(usart_common_f124.o)
 .group         0x0000000000000000        0xc ../../../libopencm3//lib/libopencm3_stm32f1.a(usart_common_f124.o)
 .group         0x0000000000000000        0xc ../../../libopencm3//lib/libopencm3_stm32f1.a(usart_common_f124.o)
 .group         0x0000000000000000        0xc ../../../libopencm3//lib/libopencm3_stm32f1.a(usart_common_f124.o)
 .group         0x0000000000000000        0xc ../../../libopencm3//lib/libopencm3_stm32f1.a(usart_common_f124.o)
 .group         0x0000000000000000        0xc ../../../libopencm3//lib/libopencm3_stm32f1.a(usart_common_f124.o)
 .group         0x0000000000000000        0xc ../../../libopencm3//lib/libopencm3_stm32f1.a(usart_common_f124.o)
 .group         0x0000000000000000        0xc ../../../libopencm3//lib/libopencm3_stm32f1.a(usart_common_f124.o)
 .group         0x0000000000000000        0xc ../../../libopencm3//lib/libopencm3_stm32f1.a(usart_common_f124.o)
 .group         0x0000000000000000        0xc ../../../libopencm3//lib/libopencm3_stm32f1.a(usart_common_f124.o)
 .group         0x0000000000000000        0xc ../../../libopencm3//lib/libopencm3_stm32f1.a(usart_common_f124.o)
 .group         0x0000000000000000        0xc ../../../libopencm3//lib/libopencm3_stm32f1.a(usart_common_f124.o)
 .group         0x0000000000000000        0xc ../../../libopencm3//lib/libopencm3_stm32f1.a(usart_common_f124.o)
 .group         0x0000000000000000        0xc ../../../libopencm3//lib/libopencm3_stm32f1.a(usart_common_f124.o)
 .text          0x0000000000000000        0x0 ../../../libopencm3//lib/libopencm3_stm32f1.a(usart_common_f124.o)
 .data          0x0000000000000000        0x0 ../../../libopencm3//lib/libopencm3_stm32f1.a(usart_common_f124.o)
 .bss           0x0000000000000000        0x0 ../../../libopencm3//lib/libopencm3_stm32f1.a(usart_common_f124.o)
 .text.usart_get_flag
                0x0000000000000000        0xc ../../../libopencm3//lib/libopencm3_stm32f1.a(usart_common_f124.o)
 .debug_macro   0x0000000000000000      0xa9c ../../../libopencm3//lib/libopencm3_stm32f1.a(usart_common_f124.o)
 .debug_macro   0x0000000000000000       0x1c ../../../libopencm3//lib/libopencm3_stm32f1.a(usart_common_f124.o)
 .debug_macro   0x0000000000000000       0x22 ../../../libopencm3//lib/libopencm3_stm32f1.a(usart_common_f124.o)
 .debug_macro   0x0000000000000000       0x56 ../../../libopencm3//lib/libopencm3_stm32f1.a(usart_common_f124.o)
 .debug_macro   0x0000000000000000       0x51 ../../../libopencm3//lib/libopencm3_stm32f1.a(usart_common_f124.o)
 .debug_macro   0x0000000000000000      0x103 ../../../libopencm3//lib/libopencm3_stm32f1.a(usart_common_f124.o)
 .debug_macro   0x0000000000000000       0x6a ../../../libopencm3//lib/libopencm3_stm32f1.a(usart_common_f124.o)
 .debug_macro   0x0000000000000000      0x1df ../../../libopencm3//lib/libopencm3_stm32f1.a(usart_common_f124.o)
 .debug_macro   0x0000000000000000       0x22 ../../../libopencm3//lib/libopencm3_stm32f1.a(usart_common_f124.o)
 .debug_macro   0x0000000000000000       0xe8 ../../../libopencm3//lib/libopencm3_stm32f1.a(usart_common_f124.o)
 .debug_macro   0x0000000000000000       0x76 ../../../libopencm3//lib/libopencm3_stm32f1.a(usart_common_f124.o)
 .debug_macro   0x0000000000000000      0x1b4 ../../../libopencm3//lib/libopencm3_stm32f1.a(usart_common_f124.o)
 .debug_macro   0x0000000000000000       0x94 ../../../libopencm3//lib/libopencm3_stm32f1.a(usart_common_f124.o)
 .debug_macro   0x0000000000000000      0x29e ../../../libopencm3//lib/libopencm3_stm32f1.a(usart_common_f124.o)
 .debug_macro   0x0000000000000000      0x8c6 ../../../libopencm3//lib/libopencm3_stm32f1.a(usart_common_f124.o)
 .group         0x0000000000000000        0xc ../../../libopencm3//lib/libopencm3_stm32f1.a(vector.o)
 .group         0x0000000000000000        0xc ../../../libopencm3//lib/libopencm3_stm32f1.a(vector.o)
 .group         0x0000000000000000        0xc ../../../libopencm3//lib/libopencm3_stm32f1.a(vector.o)
 .group         0x0000000000000000        0xc ../../../libopencm3//lib/libopencm3_stm32f1.a(vector.o)
 .group         0x0000000000000000        0xc ../../../libopencm3//lib/libopencm3_stm32f1.a(vector.o)
 .group         0x0000000000000000        0xc ../../../libopencm3//lib/libopencm3_stm32f1.a(vector.o)
 .group         0x0000000000000000        0xc ../../../libopencm3//lib/libopencm3_stm32f1.a(vector.o)
 .group         0x0000000000000000        0xc ../../../libopencm3//lib/libopencm3_stm32f1.a(vector.o)
 .group         0x0000000000000000        0xc ../../../libopencm3//lib/libopencm3_stm32f1.a(vector.o)
 .group         0x0000000000000000        0xc ../../../libopencm3//lib/libopencm3_stm32f1.a(vector.o)
 .group         0x0000000000000000        0xc ../../../libopencm3//lib/libopencm3_stm32f1.a(vector.o)
 .group         0x0000000000000000        0xc ../../../libopencm3//lib/libopencm3_stm32f1.a(vector.o)
 .group         0x0000000000000000        0xc ../../../libopencm3//lib/libopencm3_stm32f1.a(vector.o)
 .group         0x0000000000000000        0xc ../../../libopencm3//lib/libopencm3_stm32f1.a(vector.o)
 .text          0x0000000000000000        0x0 ../../../libopencm3//lib/libopencm3_stm32f1.a(vector.o)
 .data          0x0000000000000000        0x0 ../../../libopencm3//lib/libopencm3_stm32f1.a(vector.o)
 .bss           0x0000000000000000        0x0 ../../../libopencm3//lib/libopencm3_stm32f1.a(vector.o)
 .debug_macro   0x0000000000000000      0xa9c ../../../libopencm3//lib/libopencm3_stm32f1.a(vector.o)
 .debug_macro   0x0000000000000000       0x76 ../../../libopencm3//lib/libopencm3_stm32f1.a(vector.o)
 .debug_macro   0x0000000000000000       0x1c ../../../libopencm3//lib/libopencm3_stm32f1.a(vector.o)
 .debug_macro   0x0000000000000000       0x22 ../../../libopencm3//lib/libopencm3_stm32f1.a(vector.o)
 .debug_macro   0x0000000000000000       0x56 ../../../libopencm3//lib/libopencm3_stm32f1.a(vector.o)
 .debug_macro   0x0000000000000000       0x51 ../../../libopencm3//lib/libopencm3_stm32f1.a(vector.o)
 .debug_macro   0x0000000000000000      0x103 ../../../libopencm3//lib/libopencm3_stm32f1.a(vector.o)
 .debug_macro   0x0000000000000000       0x6a ../../../libopencm3//lib/libopencm3_stm32f1.a(vector.o)
 .debug_macro   0x0000000000000000      0x1df ../../../libopencm3//lib/libopencm3_stm32f1.a(vector.o)
 .debug_macro   0x0000000000000000       0x22 ../../../libopencm3//lib/libopencm3_stm32f1.a(vector.o)
 .debug_macro   0x0000000000000000       0xe8 ../../../libopencm3//lib/libopencm3_stm32f1.a(vector.o)
 .group         0x0000000000000000        0xc ../../../libopencm3//lib/libopencm3_stm32f1.a(assert.o)
 .group         0x0000000000000000        0xc ../../../libopencm3//lib/libopencm3_stm32f1.a(assert.o)
 .group         0x0000000000000000        0xc ../../../libopencm3//lib/libopencm3_stm32f1.a(assert.o)
 .group         0x0000000000000000        0xc ../../../libopencm3//lib/libopencm3_stm32f1.a(assert.o)
 .group         0x0000000000000000        0xc ../../../libopencm3//lib/libopencm3_stm32f1.a(assert.o)
 .group         0x0000000000000000        0xc ../../../libopencm3//lib/libopencm3_stm32f1.a(assert.o)
 .group         0x0000000000000000        0xc ../../../libopencm3//lib/libopencm3_stm32f1.a(assert.o)
 .group         0x0000000000000000        0xc ../../../libopencm3//lib/libopencm3_stm32f1.a(assert.o)
 .group         0x0000000000000000        0xc ../../../libopencm3//lib/libopencm3_stm32f1.a(assert.o)
 .group         0x0000000000000000        0xc ../../../libopencm3//lib/libopencm3_stm32f1.a(assert.o)
 .group         0x0000000000000000        0xc ../../../libopencm3//lib/libopencm3_stm32f1.a(assert.o)
 .text          0x0000000000000000        0x0 ../../../libopencm3//lib/libopencm3_stm32f1.a(assert.o)
 .data          0x0000000000000000        0x0 ../../../libopencm3//lib/libopencm3_stm32f1.a(assert.o)
 .bss           0x0000000000000000        0x0 ../../../libopencm3//lib/libopencm3_stm32f1.a(assert.o)
 .text.cm3_assert_failed
                0x0000000000000000        0x2 ../../../libopencm3//lib/libopencm3_stm32f1.a(assert.o)
 .text.cm3_assert_failed_verbose
                0x0000000000000000        0x6 ../../../libopencm3//lib/libopencm3_stm32f1.a(assert.o)
 .debug_info    0x0000000000000000      0x101 ../../../libopencm3//lib/libopencm3_stm32f1.a(assert.o)
 .debug_abbrev  0x0000000000000000       0x94 ../../../libopencm3//lib/libopencm3_stm32f1.a(assert.o)
 .debug_loclists
                0x0000000000000000       0x68 ../../../libopencm3//lib/libopencm3_stm32f1.a(assert.o)
 .debug_aranges
                0x0000000000000000       0x28 ../../../libopencm3//lib/libopencm3_stm32f1.a(assert.o)
 .debug_rnglists
                0x0000000000000000       0x19 ../../../libopencm3//lib/libopencm3_stm32f1.a(assert.o)
 .debug_macro   0x0000000000000000       0x89 ../../../libopencm3//lib/libopencm3_stm32f1.a(assert.o)
 .debug_macro   0x0000000000000000      0xa9c ../../../libopencm3//lib/libopencm3_stm32f1.a(assert.o)
 .debug_macro   0x0000000000000000       0x1c ../../../libopencm3//lib/libopencm3_stm32f1.a(assert.o)
 .debug_macro   0x0000000000000000       0x22 ../../../libopencm3//lib/libopencm3_stm32f1.a(assert.o)
 .debug_macro   0x0000000000000000       0x56 ../../../libopencm3//lib/libopencm3_stm32f1.a(assert.o)
 .debug_macro   0x0000000000000000       0x51 ../../../libopencm3//lib/libopencm3_stm32f1.a(assert.o)
 .debug_macro   0x0000000000000000      0x103 ../../../libopencm3//lib/libopencm3_stm32f1.a(assert.o)
 .debug_macro   0x0000000000000000       0x6a ../../../libopencm3//lib/libopencm3_stm32f1.a(assert.o)
 .debug_macro   0x0000000000000000      0x1df ../../../libopencm3//lib/libopencm3_stm32f1.a(assert.o)
 .debug_macro   0x0000000000000000       0x22 ../../../libopencm3//lib/libopencm3_stm32f1.a(assert.o)
 .debug_macro   0x0000000000000000       0xe8 ../../../libopencm3//lib/libopencm3_stm32f1.a(assert.o)
 .debug_macro   0x0000000000000000       0x16 ../../../libopencm3//lib/libopencm3_stm32f1.a(assert.o)
 .debug_line    0x0000000000000000      0x1a1 ../../../libopencm3//lib/libopencm3_stm32f1.a(assert.o)
 .debug_str     0x0000000000000000     0x40dd ../../../libopencm3//lib/libopencm3_stm32f1.a(assert.o)
 .comment       0x0000000000000000       0x1f ../../../libopencm3//lib/libopencm3_stm32f1.a(assert.o)
 .debug_frame   0x0000000000000000       0x38 ../../../libopencm3//lib/libopencm3_stm32f1.a(assert.o)
 .ARM.attributes
                0x0000000000000000       0x2d ../../../libopencm3//lib/libopencm3_stm32f1.a(assert.o)
 .group         0x0000000000000000        0xc ../../../libopencm3//lib/libopencm3_stm32f1.a(flash_common_all.o)
 .group         0x0000000000000000        0xc ../../../libopencm3//lib/libopencm3_stm32f1.a(flash_common_all.o)
 .group         0x0000000000000000        0xc ../../../libopencm3//lib/libopencm3_stm32f1.a(flash_common_all.o)
 .group         0x0000000000000000        0xc ../../../libopencm3//lib/libopencm3_stm32f1.a(flash_common_all.o)
 .group         0x0000000000000000        0xc ../../../libopencm3//lib/libopencm3_stm32f1.a(flash_common_all.o)
 .group         0x0000000000000000        0xc ../../../libopencm3//lib/libopencm3_stm32f1.a(flash_common_all.o)
 .group         0x0000000000000000        0xc ../../../libopencm3//lib/libopencm3_stm32f1.a(flash_common_all.o)
 .group         0x0000000000000000        0xc ../../../libopencm3//lib/libopencm3_stm32f1.a(flash_common_all.o)
 .group         0x0000000000000000        0xc ../../../libopencm3//lib/libopencm3_stm32f1.a(flash_common_all.o)
 .group         0x0000000000000000        0xc ../../../libopencm3//lib/libopencm3_stm32f1.a(flash_common_all.o)
 .group         0x0000000000000000        0xc ../../../libopencm3//lib/libopencm3_stm32f1.a(flash_common_all.o)
 .group         0x0000000000000000        0xc ../../../libopencm3//lib/libopencm3_stm32f1.a(flash_common_all.o)
 .group         0x0000000000000000        0xc ../../../libopencm3//lib/libopencm3_stm32f1.a(flash_common_all.o)
 .group         0x0000000000000000        0xc ../../../libopencm3//lib/libopencm3_stm32f1.a(flash_common_all.o)
 .text          0x0000000000000000        0x0 ../../../libopencm3//lib/libopencm3_stm32f1.a(flash_common_all.o)
 .data          0x0000000000000000        0x0 ../../../libopencm3//lib/libopencm3_stm32f1.a(flash_common_all.o)
 .bss           0x0000000000000000        0x0 ../../../libopencm3//lib/libopencm3_stm32f1.a(flash_common_all.o)
 .text.flash_prefetch_enable
                0x0000000000000000       0x10 ../../../libopencm3//lib/libopencm3_stm32f1.a(flash_common_all.o)
 .text.flash_prefetch_disable
                0x0000000000000000       0x10 ../../../libopencm3//lib/libopencm3_stm32f1.a(flash_common_all.o)
 .text.flash_unlock_option_bytes
                0x0000000000000000       0x18 ../../../libopencm3//lib/libopencm3_stm32f1.a(flash_common_all.o)
 .debug_macro   0x0000000000000000      0xa9c ../../../libopencm3//lib/libopencm3_stm32f1.a(flash_common_all.o)
 .debug_macro   0x0000000000000000       0x1c ../../../libopencm3//lib/libopencm3_stm32f1.a(flash_common_all.o)
 .debug_macro   0x0000000000000000       0x22 ../../../libopencm3//lib/libopencm3_stm32f1.a(flash_common_all.o)
 .debug_macro   0x0000000000000000       0x56 ../../../libopencm3//lib/libopencm3_stm32f1.a(flash_common_all.o)
 .debug_macro   0x0000000000000000       0x51 ../../../libopencm3//lib/libopencm3_stm32f1.a(flash_common_all.o)
 .debug_macro   0x0000000000000000      0x103 ../../../libopencm3//lib/libopencm3_stm32f1.a(flash_common_all.o)
 .debug_macro   0x0000000000000000       0x6a ../../../libopencm3//lib/libopencm3_stm32f1.a(flash_common_all.o)
 .debug_macro   0x0000000000000000      0x1df ../../../libopencm3//lib/libopencm3_stm32f1.a(flash_common_all.o)
 .debug_macro   0x0000000000000000       0x22 ../../../libopencm3//lib/libopencm3_stm32f1.a(flash_common_all.o)
 .debug_macro   0x0000000000000000       0xe8 ../../../libopencm3//lib/libopencm3_stm32f1.a(flash_common_all.o)
 .debug_macro   0x0000000000000000       0x76 ../../../libopencm3//lib/libopencm3_stm32f1.a(flash_common_all.o)
 .debug_macro   0x0000000000000000      0x1b4 ../../../libopencm3//lib/libopencm3_stm32f1.a(flash_common_all.o)
 .debug_macro   0x0000000000000000       0xee ../../../libopencm3//lib/libopencm3_stm32f1.a(flash_common_all.o)
 .debug_macro   0x0000000000000000       0x82 ../../../libopencm3//lib/libopencm3_stm32f1.a(flash_common_all.o)

Memory Configuration

Name             Origin             Length             Attributes
rom              0x0000000008000000 0x0000000000020000 xr
ram              0x0000000020000000 0x0000000000005000 xrw
*default*        0x0000000000000000 0xffffffffffffffff

Linker script and memory map

LOAD echo.o
LOAD ../../../libopencm3//lib/libopencm3_stm32f1.a
START GROUP
LOAD /usr/lib/gcc/arm-none-eabi/12.2.0/../../../../arm-none-eabi/lib/thumb/v7-m/nofp/libc.a
LOAD /usr/lib/gcc/arm-none-eabi/12.2.0/thumb/v7-m/nofp/libgcc.a
LOAD /usr/lib/gcc/arm-none-eabi/12.2.0/../../../../arm-none-eabi/lib/thumb/v7-m/nofp/libnosys.a
END GROUP
START GROUP
LOAD /usr/lib/gcc/arm-none-eabi/12.2.0/thumb/v7-m/nofp/libgcc.a
LOAD /usr/lib/gcc/arm-none-eabi/12.2.0/../../../../arm-none-eabi/lib/thumb/v7-m/nofp/libg.a
LOAD /usr/lib/gcc/arm-none-eabi/12.2.0/../../../../arm-none-eabi/lib/thumb/v7-m/nofp/libc.a
END GROUP

.text           0x0000000008000000      0x628
 *(.vectors)
 .vectors       0x0000000008000000      0x150 ../../../libopencm3//lib/libopencm3_stm32f1.a(vector.o)
                0x0000000008000000                vector_table
 *(.text*)
 .text.uart_print.constprop.0
                0x0000000008000150       0x2c echo.o
 .text.startup.main
                0x000000000800017c       0xbc echo.o
                0x000000000800017c                main
 .text.gpio_set_mode
                0x0000000008000238       0x6a ../../../libopencm3//lib/libopencm3_stm32f1.a(gpio.o)
                0x0000000008000238                gpio_set_mode
 *fill*         0x00000000080002a2        0x2 
 .text.rcc_is_osc_ready
                0x00000000080002a4       0x58 ../../../libopencm3//lib/libopencm3_stm32f1.a(rcc.o)
                0x00000000080002a4                rcc_is_osc_ready
 .text.rcc_wait_for_osc_ready
                0x00000000080002fc       0x10 ../../../libopencm3//lib/libopencm3_stm32f1.a(rcc.o)
                0x00000000080002fc                rcc_wait_for_osc_ready
 .text.rcc_osc_on
                0x000000000800030c       0x60 ../../../libopencm3//lib/libopencm3_stm32f1.a(rcc.o)
                0x000000000800030c                rcc_osc_on
 .text.rcc_set_sysclk_source
                0x000000000800036c       0x14 ../../../libopencm3//lib/libopencm3_stm32f1.a(rcc.o)
                0x000000000800036c                rcc_set_sysclk_source
 .text.rcc_set_pll_multiplication_factor
                0x0000000008000380       0x14 ../../../libopencm3//lib/libopencm3_stm32f1.a(rcc.o)
                0x0000000008000380                rcc_set_pll_multiplication_factor
 .text.rcc_set_pll_source
                0x0000000008000394       0x14 ../../../libopencm3//lib/libopencm3_stm32f1.a(rcc.o)
                0x0000000008000394                rcc_set_pll_source
 .text.rcc_set_pllxtpre
                0x00000000080003a8       0x14 ../../../libopencm3//lib/libopencm3_stm32f1.a(rcc.o)
                0x00000000080003a8                rcc_set_pllxtpre
 .text.rcc_set_adcpre
                0x00000000080003bc       0x14 ../../../libopencm3//lib/libopencm3_stm32f1.a(rcc.o)
                0x00000000080003bc                rcc_set_adcpre
 .text.rcc_set_ppre2
                0x00000000080003d0       0x14 ../../../libopencm3//lib/libopencm3_stm32f1.a(rcc.o)
                0x00000000080003d0                rcc_set_ppre2
 .text.rcc_set_ppre1
                0x00000000080003e4       0x14 ../../../libopencm3//lib/libopencm3_stm32f1.a(rcc.o)
                0x00000000080003e4                rcc_set_ppre1
 .text.rcc_set_hpre
                0x00000000080003f8       0x14 ../../../libopencm3//lib/libopencm3_stm32f1.a(rcc.o)
                0x00000000080003f8                rcc_set_hpre
 .text.rcc_clock_setup_in_hse_8mhz_out_72mhz
                0x000000000800040c       0x88 ../../../libopencm3//lib/libopencm3_stm32f1.a(rcc.o)
                0x000000000800040c                rcc_clock_setup_in_hse_8mhz_out_72mhz
 .text.rcc_periph_clock_enable
                0x0000000008000494       0x1a ../../../libopencm3//lib/libopencm3_stm32f1.a(rcc_common_all.o)
                0x0000000008000494                rcc_periph_clock_enable
 *fill*         0x00000000080004ae        0x2 
 .text.usart_set_baudrate
                0x00000000080004b0       0x28 ../../../libopencm3//lib/libopencm3_stm32f1.a(usart_common_all.o)
                0x00000000080004b0                usart_set_baudrate
 .text.usart_set_databits
                0x00000000080004d8       0x12 ../../../libopencm3//lib/libopencm3_stm32f1.a(usart_common_all.o)
                0x00000000080004d8                usart_set_databits
 .text.usart_set_stopbits
                0x00000000080004ea        0xc ../../../libopencm3//lib/libopencm3_stm32f1.a(usart_common_all.o)
                0x00000000080004ea                usart_set_stopbits
 .text.usart_set_parity
                0x00000000080004f6        0xc ../../../libopencm3//lib/libopencm3_stm32f1.a(usart_common_all.o)
                0x00000000080004f6                usart_set_parity
 .text.usart_set_mode
                0x0000000008000502        0xc ../../../libopencm3//lib/libopencm3_stm32f1.a(usart_common_all.o)
                0x0000000008000502                usart_set_mode
 .text.usart_set_flow_control
                0x000000000800050e        0xc ../../../libopencm3//lib/libopencm3_stm32f1.a(usart_common_all.o)
                0x000000000800050e                usart_set_flow_control
 .text.usart_enable
                0x000000000800051a        0xa ../../../libopencm3//lib/libopencm3_stm32f1.a(usart_common_all.o)
                0x000000000800051a                usart_enable
 .text.usart_send_blocking
                0x0000000008000524       0x16 ../../../libopencm3//lib/libopencm3_stm32f1.a(usart_common_all.o)
                0x0000000008000524                usart_send_blocking
 .text.usart_recv_blocking
                0x000000000800053a       0x12 ../../../libopencm3//lib/libopencm3_stm32f1.a(usart_common_all.o)
                0x000000000800053a                usart_recv_blocking
 .text.usart_send
                0x000000000800054c        0x8 ../../../libopencm3//lib/libopencm3_stm32f1.a(usart_common_f124.o)
                0x000000000800054c                usart_send
 .text.usart_recv
                0x0000000008000554        0x8 ../../../libopencm3//lib/libopencm3_stm32f1.a(usart_common_f124.o)
                0x0000000008000554                usart_recv
 .text.usart_wait_send_ready
                0x000000000800055c        0x8 ../../../libopencm3//lib/libopencm3_stm32f1.a(usart_common_f124.o)
                0x000000000800055c                usart_wait_send_ready
 .text.usart_wait_recv_ready
                0x0000000008000564        0x8 ../../../libopencm3//lib/libopencm3_stm32f1.a(usart_common_f124.o)
                0x0000000008000564                usart_wait_recv_ready
 .text.blocking_handler
                0x000000000800056c        0x2 ../../../libopencm3//lib/libopencm3_stm32f1.a(vector.o)
                0x000000000800056c                usart3_isr
                0x000000000800056c                rtc_isr
                0x000000000800056c                tim7_isr
                0x000000000800056c                adc1_2_isr
                0x000000000800056c                tim1_trg_com_isr
                0x000000000800056c                usb_hp_can_tx_isr
                0x000000000800056c                tim6_isr
                0x000000000800056c                usb_wakeup_isr
                0x000000000800056c                blocking_handler
                0x000000000800056c                tim5_isr
                0x000000000800056c                otg_fs_isr
                0x000000000800056c                spi1_isr
                0x000000000800056c                exti2_isr
                0x000000000800056c                dma1_channel6_isr
                0x000000000800056c                can_rx1_isr
                0x000000000800056c                dma1_channel5_isr
                0x000000000800056c                dma2_channel5_isr
                0x000000000800056c                usart1_isr
                0x000000000800056c                usage_fault_handler
                0x000000000800056c                tim8_trg_com_isr
                0x000000000800056c                can2_rx0_isr
                0x000000000800056c                tim1_brk_isr
                0x000000000800056c                can2_rx1_isr
                0x000000000800056c                tim1_cc_isr
                0x000000000800056c                sdio_isr
                0x000000000800056c                eth_isr
                0x000000000800056c                dma1_channel4_isr
                0x000000000800056c                tim8_brk_isr
                0x000000000800056c                dma2_channel4_5_isr
                0x000000000800056c                pvd_isr
                0x000000000800056c                rcc_isr
                0x000000000800056c                flash_isr
                0x000000000800056c                uart4_isr
                0x000000000800056c                rtc_alarm_isr
                0x000000000800056c                exti15_10_isr
                0x000000000800056c                hard_fault_handler
                0x000000000800056c                exti1_isr
                0x000000000800056c                i2c1_ev_isr
                0x000000000800056c                dma2_channel1_isr
                0x000000000800056c                spi2_isr
                0x000000000800056c                tim8_up_isr
                0x000000000800056c                dma2_channel2_isr
                0x000000000800056c                exti3_isr
                0x000000000800056c                adc3_isr
                0x000000000800056c                tim3_isr
                0x000000000800056c                usart2_isr
                0x000000000800056c                usb_lp_can_rx0_isr
                0x000000000800056c                i2c2_er_isr
                0x000000000800056c                i2c2_ev_isr
                0x000000000800056c                uart5_isr
                0x000000000800056c                fsmc_isr
                0x000000000800056c                dma1_channel1_isr
                0x000000000800056c                exti4_isr
                0x000000000800056c                mem_manage_handler
                0x000000000800056c                can2_tx_isr
                0x000000000800056c                exti9_5_isr
                0x000000000800056c                dma2_channel3_isr
                0x000000000800056c                dma1_channel7_isr
                0x000000000800056c                tim1_up_isr
                0x000000000800056c                can2_sce_isr
                0x000000000800056c                tim4_isr
                0x000000000800056c                dma1_channel2_isr
                0x000000000800056c                i2c1_er_isr
                0x000000000800056c                can_sce_isr
                0x000000000800056c                tim8_cc_isr
                0x000000000800056c                tamper_isr
                0x000000000800056c                eth_wkup_isr
                0x000000000800056c                bus_fault_handler
                0x000000000800056c                wwdg_isr
                0x000000000800056c                dma1_channel3_isr
                0x000000000800056c                spi3_isr
                0x000000000800056c                tim2_isr
                0x000000000800056c                exti0_isr
 .text.null_handler
                0x000000000800056e        0x2 ../../../libopencm3//lib/libopencm3_stm32f1.a(vector.o)
                0x000000000800056e                null_handler
                0x000000000800056e                sv_call_handler
                0x000000000800056e                pend_sv_handler
                0x000000000800056e                debug_monitor_handler
                0x000000000800056e                sys_tick_handler
                0x000000000800056e                nmi_handler
 .text.reset_handler
                0x0000000008000570       0x94 ../../../libopencm3//lib/libopencm3_stm32f1.a(vector.o)
                0x0000000008000570                reset_handler
 .text.flash_set_ws
                0x0000000008000604       0x14 ../../../libopencm3//lib/libopencm3_stm32f1.a(flash_common_all.o)
                0x0000000008000604                flash_set_ws
                0x0000000008000618                . = ALIGN (0x4)
 *(.rodata*)
 .rodata.main.str1.1
                0x0000000008000618        0xe echo.o
                                          0xf (size before relaxing)
                0x0000000008000628                . = ALIGN (0x4)
 *fill*         0x0000000008000626        0x2 

.glue_7         0x0000000008000628        0x0
 .glue_7        0x0000000008000628        0x0 linker stubs

.glue_7t        0x0000000008000628        0x0
 .glue_7t       0x0000000008000628        0x0 linker stubs

.vfp11_veneer   0x0000000008000628        0x0
 .vfp11_veneer  0x0000000008000628        0x0 linker stubs

.v4_bx          0x0000000008000628        0x0
 .v4_bx         0x0000000008000628        0x0 linker stubs

.iplt           0x0000000008000628        0x0
 .iplt          0x0000000008000628        0x0 echo.o

.rel.dyn        0x0000000008000628        0x0
 .rel.iplt      0x0000000008000628        0x0 echo.o

.preinit_array  0x0000000008000628        0x0
                0x0000000008000628                . = ALIGN (0x4)
                0x0000000008000628                __preinit_array_start = .
 *(.preinit_array)
                0x0000000008000628                __preinit_array_end = .

.init_array     0x0000000008000628        0x0
                0x0000000008000628                . = ALIGN (0x4)
                0x0000000008000628                __init_array_start = .
 *(SORT_BY_NAME(.init_array.*))
 *(.init_array)
                0x0000000008000628                __init_array_end = .

.fini_array     0x0000000008000628        0x0
                0x0000000008000628                . = ALIGN (0x4)
                0x0000000008000628                __fini_array_start = .
 *(.fini_array)
 *(SORT_BY_NAME(.fini_array.*))
                0x0000000008000628                __fini_array_end = .

.ARM.extab
 *(.ARM.extab*)

.ARM.exidx      0x0000000008000628        0x0
                0x0000000008000628                __exidx_start = .
 *(.ARM.exidx*)
                0x0000000008000628                __exidx_end = .
                0x0000000008000628                . = ALIGN (0x4)
                0x0000000008000628                _etext = .

.noinit
 *(.noinit*)
                0x0000000008000628                . = ALIGN (0x4)

.data           0x0000000020000000        0xc load address 0x0000000008000628
                0x0000000020000000                _data = .
 *(.data*)
 .data.rcc_ahb_frequency
                0x0000000020000000        0x4 ../../../libopencm3//lib/libopencm3_stm32f1.a(rcc.o)
                0x0000000020000000                rcc_ahb_frequency
 .data.rcc_apb2_frequency
                0x0000000020000004        0x4 ../../../libopencm3//lib/libopencm3_stm32f1.a(rcc.o)
                0x0000000020000004                rcc_apb2_frequency
 .data.rcc_apb1_frequency
                0x0000000020000008        0x4 ../../../libopencm3//lib/libopencm3_stm32f1.a(rcc.o)
                0x0000000020000008                rcc_apb1_frequency
 *(.ramtext*)
                0x000000002000000c                . = ALIGN (0x4)
                0x000000002000000c                _edata = .
                0x0000000008000628                _data_loadaddr = LOADADDR (.data)

.igot.plt       0x000000002000000c        0x0 load address 0x0000000008000634
 .igot.plt      0x000000002000000c        0x0 echo.o

.bss            0x000000002000000c        0x0 load address 0x0000000008000634
 *(.bss*)
 *(COMMON)
                0x000000002000000c                . = ALIGN (0x4)
                0x000000002000000c                _ebss = .

/DISCARD/
 *(.eh_frame)
                0x000000002000000c                . = ALIGN (0x4)
                0x000000002000000c                end = .
                0x0000000020005000                PROVIDE (_stack = (ORIGIN (ram) + LENGTH (ram)))
OUTPUT(echo.elf elf32-littlearm)
LOAD linker stubs

.debug_info     0x0000000000000000     0x2dff
 .debug_info    0x0000000000000000      0x675 echo.o
 .debug_info    0x0000000000000675      0x1fd ../../../libopencm3//lib/libopencm3_stm32f1.a(gpio.o)
 .debug_info    0x0000000000000872     0x14d0 ../../../libopencm3//lib/libopencm3_stm32f1.a(rcc.o)
 .debug_info    0x0000000000001d42      0x60d ../../../libopencm3//lib/libopencm3_stm32f1.a(rcc_common_all.o)
 .debug_info    0x000000000000234f      0x569 ../../../libopencm3//lib/libopencm3_stm32f1.a(usart_common_all.o)
 .debug_info    0x00000000000028b8      0x192 ../../../libopencm3//lib/libopencm3_stm32f1.a(usart_common_f124.o)
 .debug_info    0x0000000000002a4a      0x2c4 ../../../libopencm3//lib/libopencm3_stm32f1.a(vector.o)
 .debug_info    0x0000000000002d0e       0xf1 ../../../libopencm3//lib/libopencm3_stm32f1.a(flash_common_all.o)

.debug_abbrev   0x0000000000000000      0xb08
 .debug_abbrev  0x0000000000000000      0x1f9 echo.o
 .debug_abbrev  0x00000000000001f9       0xd3 ../../../libopencm3//lib/libopencm3_stm32f1.a(gpio.o)
 .debug_abbrev  0x00000000000002cc      0x2be ../../../libopencm3//lib/libopencm3_stm32f1.a(rcc.o)
 .debug_abbrev  0x000000000000058a      0x185 ../../../libopencm3//lib/libopencm3_stm32f1.a(rcc_common_all.o)
 .debug_abbrev  0x000000000000070f      0x164 ../../../libopencm3//lib/libopencm3_stm32f1.a(usart_common_all.o)
 .debug_abbrev  0x0000000000000873       0xb6 ../../../libopencm3//lib/libopencm3_stm32f1.a(usart_common_f124.o)
 .debug_abbrev  0x0000000000000929      0x149 ../../../libopencm3//lib/libopencm3_stm32f1.a(vector.o)
 .debug_abbrev  0x0000000000000a72       0x96 ../../../libopencm3//lib/libopencm3_stm32f1.a(flash_common_all.o)

.debug_loclists
                0x0000000000000000      0x661
 .debug_loclists
                0x0000000000000000       0x8a echo.o
 .debug_loclists
                0x000000000000008a       0xfd ../../../libopencm3//lib/libopencm3_stm32f1.a(gpio.o)
 .debug_loclists
                0x0000000000000187      0x256 ../../../libopencm3//lib/libopencm3_stm32f1.a(rcc.o)
 .debug_loclists
                0x00000000000003dd       0x68 ../../../libopencm3//lib/libopencm3_stm32f1.a(rcc_common_all.o)
 .debug_loclists
                0x0000000000000445       0xe8 ../../../libopencm3//lib/libopencm3_stm32f1.a(usart_common_all.o)
 .debug_loclists
                0x000000000000052d       0x67 ../../../libopencm3//lib/libopencm3_stm32f1.a(usart_common_f124.o)
 .debug_loclists
                0x0000000000000594       0xb6 ../../../libopencm3//lib/libopencm3_stm32f1.a(vector.o)
 .debug_loclists
                0x000000000000064a       0x17 ../../../libopencm3//lib/libopencm3_stm32f1.a(flash_common_all.o)

.debug_aranges  0x0000000000000000      0x3d0
 .debug_aranges
                0x0000000000000000       0x28 echo.o
 .debug_aranges
                0x0000000000000028       0x38 ../../../libopencm3//lib/libopencm3_stm32f1.a(gpio.o)
 .debug_aranges
                0x0000000000000060      0x170 ../../../libopencm3//lib/libopencm3_stm32f1.a(rcc.o)
 .debug_aranges
                0x00000000000001d0       0x80 ../../../libopencm3//lib/libopencm3_stm32f1.a(rcc_common_all.o)
 .debug_aranges
                0x0000000000000250       0xd8 ../../../libopencm3//lib/libopencm3_stm32f1.a(usart_common_all.o)
 .debug_aranges
                0x0000000000000328       0x40 ../../../libopencm3//lib/libopencm3_stm32f1.a(usart_common_f124.o)
 .debug_aranges
                0x0000000000000368       0x30 ../../../libopencm3//lib/libopencm3_stm32f1.a(vector.o)
 .debug_aranges
                0x0000000000000398       0x38 ../../../libopencm3//lib/libopencm3_stm32f1.a(flash_common_all.o)

.debug_rnglists
                0x0000000000000000      0x313
 .debug_rnglists
                0x0000000000000000       0x26 echo.o
 .debug_rnglists
                0x0000000000000026       0x25 ../../../libopencm3//lib/libopencm3_stm32f1.a(gpio.o)
 .debug_rnglists
                0x000000000000004b      0x160 ../../../libopencm3//lib/libopencm3_stm32f1.a(rcc.o)
 .debug_rnglists
                0x00000000000001ab       0x5b ../../../libopencm3//lib/libopencm3_stm32f1.a(rcc_common_all.o)
 .debug_rnglists
                0x0000000000000206       0x9d ../../../libopencm3//lib/libopencm3_stm32f1.a(usart_common_all.o)
 .debug_rnglists
                0x00000000000002a3       0x2b ../../../libopencm3//lib/libopencm3_stm32f1.a(usart_common_f124.o)
 .debug_rnglists
                0x00000000000002ce       0x20 ../../../libopencm3//lib/libopencm3_stm32f1.a(vector.o)
 .debug_rnglists
                0x00000000000002ee       0x25 ../../../libopencm3//lib/libopencm3_stm32f1.a(flash_common_all.o)

.debug_macro    0x0000000000000000     0x3a6a
 .debug_macro   0x0000000000000000       0xf2 echo.o
 .debug_macro   0x00000000000000f2      0xa9c echo.o
 .debug_macro   0x0000000000000b8e       0x1c echo.o
 .debug_macro   0x0000000000000baa       0x22 echo.o
 .debug_macro   0x0000000000000bcc       0x56 echo.o
 .debug_macro   0x0000000000000c22       0x51 echo.o
 .debug_macro   0x0000000000000c73      0x103 echo.o
 .debug_macro   0x0000000000000d76       0x6a echo.o
 .debug_macro   0x0000000000000de0      0x1df echo.o
 .debug_macro   0x0000000000000fbf       0x22 echo.o
 .debug_macro   0x0000000000000fe1       0xe8 echo.o
 .debug_macro   0x00000000000010c9      0x8c6 echo.o
 .debug_macro   0x000000000000198f       0x76 echo.o
 .debug_macro   0x0000000000001a05      0x1b4 echo.o
 .debug_macro   0x0000000000001bb9       0x76 echo.o
 .debug_macro   0x0000000000001c2f      0xe2e echo.o
 .debug_macro   0x0000000000002a5d       0x94 echo.o
 .debug_macro   0x0000000000002af1      0x29e echo.o
 .debug_macro   0x0000000000002d8f       0xb8 ../../../libopencm3//lib/libopencm3_stm32f1.a(gpio.o)
 .debug_macro   0x0000000000002e47       0xe7 ../../../libopencm3//lib/libopencm3_stm32f1.a(rcc.o)
 .debug_macro   0x0000000000002f2e       0x16 ../../../libopencm3//lib/libopencm3_stm32f1.a(rcc.o)
 .debug_macro   0x0000000000002f44       0xee ../../../libopencm3//lib/libopencm3_stm32f1.a(rcc.o)
 .debug_macro   0x0000000000003032       0x82 ../../../libopencm3//lib/libopencm3_stm32f1.a(rcc.o)
 .debug_macro   0x00000000000030b4       0xce ../../../libopencm3//lib/libopencm3_stm32f1.a(rcc_common_all.o)
 .debug_macro   0x0000000000003182       0xda ../../../libopencm3//lib/libopencm3_stm32f1.a(usart_common_all.o)
 .debug_macro   0x000000000000325c       0xda ../../../libopencm3//lib/libopencm3_stm32f1.a(usart_common_f124.o)
 .debug_macro   0x0000000000003336       0xcf ../../../libopencm3//lib/libopencm3_stm32f1.a(vector.o)
 .debug_macro   0x0000000000003405      0x395 ../../../libopencm3//lib/libopencm3_stm32f1.a(vector.o)
 .debug_macro   0x000000000000379a       0x6e ../../../libopencm3//lib/libopencm3_stm32f1.a(vector.o)
 .debug_macro   0x0000000000003808      0x1a2 ../../../libopencm3//lib/libopencm3_stm32f1.a(vector.o)
 .debug_macro   0x00000000000039aa       0xc0 ../../../libopencm3//lib/libopencm3_stm32f1.a(flash_common_all.o)

.debug_line     0x0000000000000000     0x266c
 .debug_line    0x0000000000000000      0x350 echo.o
 .debug_line    0x0000000000000350      0x349 ../../../libopencm3//lib/libopencm3_stm32f1.a(gpio.o)
 .debug_line    0x0000000000000699      0xcc6 ../../../libopencm3//lib/libopencm3_stm32f1.a(rcc.o)
 .debug_line    0x000000000000135f      0x3dc ../../../libopencm3//lib/libopencm3_stm32f1.a(rcc_common_all.o)
 .debug_line    0x000000000000173b      0x5a8 ../../../libopencm3//lib/libopencm3_stm32f1.a(usart_common_all.o)
 .debug_line    0x0000000000001ce3      0x31c ../../../libopencm3//lib/libopencm3_stm32f1.a(usart_common_f124.o)
 .debug_line    0x0000000000001fff      0x387 ../../../libopencm3//lib/libopencm3_stm32f1.a(vector.o)
 .debug_line    0x0000000000002386      0x2e6 ../../../libopencm3//lib/libopencm3_stm32f1.a(flash_common_all.o)

.debug_str      0x0000000000000000     0xf74e
 .debug_str     0x0000000000000000     0xbd0b echo.o
                                       0xbe8a (size before relaxing)
 .debug_str     0x000000000000bd0b      0x151 ../../../libopencm3//lib/libopencm3_stm32f1.a(gpio.o)
                                       0x863f (size before relaxing)
 .debug_str     0x000000000000be5c      0xe64 ../../../libopencm3//lib/libopencm3_stm32f1.a(rcc.o)
                                       0x8294 (size before relaxing)
 .debug_str     0x000000000000ccc0      0x379 ../../../libopencm3//lib/libopencm3_stm32f1.a(rcc_common_all.o)
                                       0x79a2 (size before relaxing)
 .debug_str     0x000000000000d039      0x1f5 ../../../libopencm3//lib/libopencm3_stm32f1.a(usart_common_all.o)
                                       0x85c3 (size before relaxing)
 .debug_str     0x000000000000d22e       0x2d ../../../libopencm3//lib/libopencm3_stm32f1.a(usart_common_f124.o)
                                       0x8357 (size before relaxing)
 .debug_str     0x000000000000d25b     0x248f ../../../libopencm3//lib/libopencm3_stm32f1.a(vector.o)
                                       0x6679 (size before relaxing)
 .debug_str     0x000000000000f6ea       0x64 ../../../libopencm3//lib/libopencm3_stm32f1.a(flash_common_all.o)
                                       0x5578 (size before relaxing)

.comment        0x0000000000000000       0x1e
 .comment       0x0000000000000000       0x1e echo.o
                                         0x1f (size before relaxing)
 .comment       0x000000000000001e       0x1f ../../../libopencm3//lib/libopencm3_stm32f1.a(gpio.o)
 .comment       0x000000000000001e       0x1f ../../../libopencm3//lib/libopencm3_stm32f1.a(rcc.o)
 .comment       0x000000000000001e       0x1f ../../../libopencm3//lib/libopencm3_stm32f1.a(rcc_common_all.o)
 .comment       0x000000000000001e       0x1f ../../../libopencm3//lib/libopencm3_stm32f1.a(usart_common_all.o)
 .comment       0x000000000000001e       0x1f ../../../libopencm3//lib/libopencm3_stm32f1.a(usart_common_f124.o)
 .comment       0x000000000000001e       0x1f ../../../libopencm3//lib/libopencm3_stm32f1.a(vector.o)
 .comment       0x000000000000001e       0x1f ../../../libopencm3//lib/libopencm3_stm32f1.a(flash_common_all.o)

.ARM.attributes
                0x0000000000000000       0x2d
 .ARM.attributes
                0x0000000000000000       0x2d echo.o
 .ARM.attributes
                0x000000000000002d       0x2d ../../../libopencm3//lib/libopencm3_stm32f1.a(gpio.o)
 .ARM.attributes
                0x000000000000005a       0x2d ../../../libopencm3//lib/libopencm3_stm32f1.a(rcc.o)
 .ARM.attributes
                0x0000000000000087       0x2d ../../../libopencm3//lib/libopencm3_stm32f1.a(rcc_common_all.o)
 .ARM.attributes
                0x00000000000000b4       0x2d ../../../libopencm3//lib/libopencm3_stm32f1.a(usart_common_all.o)
 .ARM.attributes
                0x00000000000000e1       0x2d ../../../libopencm3//lib/libopencm3_stm32f1.a(usart_common_f124.o)
 .ARM.attributes
                0x000000000000010e       0x2d ../../../libopencm3//lib/libopencm3_stm32f1.a(vector.o)
 .ARM.attributes
                0x000000000000013b       0x2d ../../../libopencm3//lib/libopencm3_stm32f1.a(flash_common_all.o)

.debug_frame    0x0000000000000000      0x75c
 .debug_frame   0x0000000000000000       0x54 echo.o
 .debug_frame   0x0000000000000054       0x64 ../../../libopencm3//lib/libopencm3_stm32f1.a(gpio.o)
 .debug_frame   0x00000000000000b8      0x318 ../../../libopencm3//lib/libopencm3_stm32f1.a(rcc.o)
 .debug_frame   0x00000000000003d0       0xe0 ../../../libopencm3//lib/libopencm3_stm32f1.a(rcc_common_all.o)
 .debug_frame   0x00000000000004b0      0x1b0 ../../../libopencm3//lib/libopencm3_stm32f1.a(usart_common_all.o)
 .debug_frame   0x0000000000000660       0x60 ../../../libopencm3//lib/libopencm3_stm32f1.a(usart_common_f124.o)
 .debug_frame   0x00000000000006c0       0x4c ../../../libopencm3//lib/libopencm3_stm32f1.a(vector.o)
 .debug_frame   0x000000000000070c       0x50 ../../../libopencm3//lib/libopencm3_stm32f1.a(flash_common_all.o)

Cross Reference Table

Symbol                                            File
__fini_array_end                                  ../../../libopencm3//lib/libopencm3_stm32f1.a(vector.o)
__fini_array_start                                ../../../libopencm3//lib/libopencm3_stm32f1.a(vector.o)
__init_array_end                                  ../../../libopencm3//lib/libopencm3_stm32f1.a(vector.o)
__init_array_start                                ../../../libopencm3//lib/libopencm3_stm32f1.a(vector.o)
__preinit_array_end                               ../../../libopencm3//lib/libopencm3_stm32f1.a(vector.o)
__preinit_array_start                             ../../../libopencm3//lib/libopencm3_stm32f1.a(vector.o)
_data                                             ../../../libopencm3//lib/libopencm3_stm32f1.a(vector.o)
_data_loadaddr                                    ../../../libopencm3//lib/libopencm3_stm32f1.a(vector.o)
_ebss                                             ../../../libopencm3//lib/libopencm3_stm32f1.a(vector.o)
_edata                                            ../../../libopencm3//lib/libopencm3_stm32f1.a(vector.o)
_stack                                            ../../../libopencm3//lib/libopencm3_stm32f1.a(vector.o)
adc1_2_isr                                        ../../../libopencm3//lib/libopencm3_stm32f1.a(vector.o)
adc3_isr                                          ../../../libopencm3//lib/libopencm3_stm32f1.a(vector.o)
blocking_handler                                  ../../../libopencm3//lib/libopencm3_stm32f1.a(vector.o)
bus_fault_handler                                 ../../../libopencm3//lib/libopencm3_stm32f1.a(vector.o)
can2_rx0_isr                                      ../../../libopencm3//lib/libopencm3_stm32f1.a(vector.o)
can2_rx1_isr                                      ../../../libopencm3//lib/libopencm3_stm32f1.a(vector.o)
can2_sce_isr                                      ../../../libopencm3//lib/libopencm3_stm32f1.a(vector.o)
can2_tx_isr                                       ../../../libopencm3//lib/libopencm3_stm32f1.a(vector.o)
can_rx1_isr                                       ../../../libopencm3//lib/libopencm3_stm32f1.a(vector.o)
can_sce_isr                                       ../../../libopencm3//lib/libopencm3_stm32f1.a(vector.o)
cm3_assert_failed                                 ../../../libopencm3//lib/libopencm3_stm32f1.a(assert.o)
                                                  ../../../libopencm3//lib/libopencm3_stm32f1.a(rcc.o)
cm3_assert_failed_verbose                         ../../../libopencm3//lib/libopencm3_stm32f1.a(assert.o)
debug_monitor_handler                             ../../../libopencm3//lib/libopencm3_stm32f1.a(vector.o)
dma1_channel1_isr                                 ../../../libopencm3//lib/libopencm3_stm32f1.a(vector.o)
dma1_channel2_isr                                 ../../../libopencm3//lib/libopencm3_stm32f1.a(vector.o)
dma1_channel3_isr                                 ../../../libopencm3//lib/libopencm3_stm32f1.a(vector.o)
dma1_channel4_isr                                 ../../../libopencm3//lib/libopencm3_stm32f1.a(vector.o)
dma1_channel5_isr                                 ../../../libopencm3//lib/libopencm3_stm32f1.a(vector.o)
dma1_channel6_isr                                 ../../../libopencm3//lib/libopencm3_stm32f1.a(vector.o)
dma1_channel7_isr                                 ../../../libopencm3//lib/libopencm3_stm32f1.a(vector.o)
dma2_channel1_isr                                 ../../../libopencm3//lib/libopencm3_stm32f1.a(vector.o)
dma2_channel2_isr                                 ../../../libopencm3//lib/libopencm3_stm32f1.a(vector.o)
dma2_channel3_isr                                 ../../../libopencm3//lib/libopencm3_stm32f1.a(vector.o)
dma2_channel4_5_isr                               ../../../libopencm3//lib/libopencm3_stm32f1.a(vector.o)
dma2_channel5_isr                                 ../../../libopencm3//lib/libopencm3_stm32f1.a(vector.o)
eth_isr                                           ../../../libopencm3//lib/libopencm3_stm32f1.a(vector.o)
eth_wkup_isr                                      ../../../libopencm3//lib/libopencm3_stm32f1.a(vector.o)
exti0_isr                                         ../../../libopencm3//lib/libopencm3_stm32f1.a(vector.o)
exti15_10_isr                                     ../../../libopencm3//lib/libopencm3_stm32f1.a(vector.o)
exti1_isr                                         ../../../libopencm3//lib/libopencm3_stm32f1.a(vector.o)
exti2_isr                                         ../../../libopencm3//lib/libopencm3_stm32f1.a(vector.o)
exti3_isr                                         ../../../libopencm3//lib/libopencm3_stm32f1.a(vector.o)
exti4_isr                                         ../../../libopencm3//lib/libopencm3_stm32f1.a(vector.o)
exti9_5_isr                                       ../../../libopencm3//lib/libopencm3_stm32f1.a(vector.o)
flash_isr                                         ../../../libopencm3//lib/libopencm3_stm32f1.a(vector.o)
flash_prefetch_disable                            ../../../libopencm3//lib/libopencm3_stm32f1.a(flash_common_all.o)
flash_prefetch_enable                             ../../../libopencm3//lib/libopencm3_stm32f1.a(flash_common_all.o)
flash_set_ws                                      ../../../libopencm3//lib/libopencm3_stm32f1.a(flash_common_all.o)
                                                  ../../../libopencm3//lib/libopencm3_stm32f1.a(rcc.o)
flash_unlock_option_bytes                         ../../../libopencm3//lib/libopencm3_stm32f1.a(flash_common_all.o)
fsmc_isr                                          ../../../libopencm3//lib/libopencm3_stm32f1.a(vector.o)
gpio_primary_remap                                ../../../libopencm3//lib/libopencm3_stm32f1.a(gpio.o)
gpio_secondary_remap                              ../../../libopencm3//lib/libopencm3_stm32f1.a(gpio.o)
gpio_set_eventout                                 ../../../libopencm3//lib/libopencm3_stm32f1.a(gpio.o)
gpio_set_mode                                     ../../../libopencm3//lib/libopencm3_stm32f1.a(gpio.o)
                                                  echo.o
hard_fault_handler                                ../../../libopencm3//lib/libopencm3_stm32f1.a(vector.o)
i2c1_er_isr                                       ../../../libopencm3//lib/libopencm3_stm32f1.a(vector.o)
i2c1_ev_isr                                       ../../../libopencm3//lib/libopencm3_stm32f1.a(vector.o)
i2c2_er_isr                                       ../../../libopencm3//lib/libopencm3_stm32f1.a(vector.o)
i2c2_ev_isr                                       ../../../libopencm3//lib/libopencm3_stm32f1.a(vector.o)
main                                              echo.o
                                                  ../../../libopencm3//lib/libopencm3_stm32f1.a(vector.o)
mem_manage_handler                                ../../../libopencm3//lib/libopencm3_stm32f1.a(vector.o)
nmi_handler                                       ../../../libopencm3//lib/libopencm3_stm32f1.a(vector.o)
null_handler                                      ../../../libopencm3//lib/libopencm3_stm32f1.a(vector.o)
otg_fs_isr                                        ../../../libopencm3//lib/libopencm3_stm32f1.a(vector.o)
pend_sv_handler                                   ../../../libopencm3//lib/libopencm3_stm32f1.a(vector.o)
pvd_isr                                           ../../../libopencm3//lib/libopencm3_stm32f1.a(vector.o)
rcc_ahb_frequency                                 ../../../libopencm3//lib/libopencm3_stm32f1.a(rcc.o)
rcc_apb1_frequency                                ../../../libopencm3//lib/libopencm3_stm32f1.a(rcc.o)
                                                  ../../../libopencm3//lib/libopencm3_stm32f1.a(usart_common_all.o)
rcc_apb2_frequency                                ../../../libopencm3//lib/libopencm3_stm32f1.a(rcc.o)
                                                  ../../../libopencm3//lib/libopencm3_stm32f1.a(usart_common_all.o)
rcc_backupdomain_reset                            ../../../libopencm3//lib/libopencm3_stm32f1.a(rcc.o)
rcc_clock_setup_in_hse_12mhz_out_72mhz            ../../../libopencm3//lib/libopencm3_stm32f1.a(rcc.o)
rcc_clock_setup_in_hse_16mhz_out_72mhz            ../../../libopencm3//lib/libopencm3_stm32f1.a(rcc.o)
rcc_clock_setup_in_hse_25mhz_out_72mhz            ../../../libopencm3//lib/libopencm3_stm32f1.a(rcc.o)
rcc_clock_setup_in_hse_8mhz_out_24mhz             ../../../libopencm3//lib/libopencm3_stm32f1.a(rcc.o)
rcc_clock_setup_in_hse_8mhz_out_72mhz             ../../../libopencm3//lib/libopencm3_stm32f1.a(rcc.o)
                                                  echo.o
rcc_clock_setup_in_hsi_out_24mhz                  ../../../libopencm3//lib/libopencm3_stm32f1.a(rcc.o)
rcc_clock_setup_in_hsi_out_48mhz                  ../../../libopencm3//lib/libopencm3_stm32f1.a(rcc.o)
rcc_clock_setup_in_hsi_out_64mhz                  ../../../libopencm3//lib/libopencm3_stm32f1.a(rcc.o)
rcc_clock_setup_pll                               ../../../libopencm3//lib/libopencm3_stm32f1.a(rcc.o)
rcc_css_disable                                   ../../../libopencm3//lib/libopencm3_stm32f1.a(rcc.o)
rcc_css_enable                                    ../../../libopencm3//lib/libopencm3_stm32f1.a(rcc.o)
rcc_css_int_clear                                 ../../../libopencm3//lib/libopencm3_stm32f1.a(rcc.o)
rcc_css_int_flag                                  ../../../libopencm3//lib/libopencm3_stm32f1.a(rcc.o)
rcc_enable_rtc_clock                              ../../../libopencm3//lib/libopencm3_stm32f1.a(rcc.o)
rcc_get_div_from_hpre                             ../../../libopencm3//lib/libopencm3_stm32f1.a(rcc_common_all.o)
rcc_get_i2c_clk_freq                              ../../../libopencm3//lib/libopencm3_stm32f1.a(rcc.o)
rcc_get_timer_clk_freq                            ../../../libopencm3//lib/libopencm3_stm32f1.a(rcc.o)
rcc_get_usart_clk_freq                            ../../../libopencm3//lib/libopencm3_stm32f1.a(rcc.o)
rcc_hse_configs                                   ../../../libopencm3//lib/libopencm3_stm32f1.a(rcc.o)
rcc_hsi_configs                                   ../../../libopencm3//lib/libopencm3_stm32f1.a(rcc.o)
rcc_is_osc_ready                                  ../../../libopencm3//lib/libopencm3_stm32f1.a(rcc.o)
rcc_isr                                           ../../../libopencm3//lib/libopencm3_stm32f1.a(vector.o)
rcc_osc_bypass_disable                            ../../../libopencm3//lib/libopencm3_stm32f1.a(rcc_common_all.o)
rcc_osc_bypass_enable                             ../../../libopencm3//lib/libopencm3_stm32f1.a(rcc_common_all.o)
rcc_osc_off                                       ../../../libopencm3//lib/libopencm3_stm32f1.a(rcc.o)
rcc_osc_on                                        ../../../libopencm3//lib/libopencm3_stm32f1.a(rcc.o)
rcc_osc_ready_int_clear                           ../../../libopencm3//lib/libopencm3_stm32f1.a(rcc.o)
rcc_osc_ready_int_disable                         ../../../libopencm3//lib/libopencm3_stm32f1.a(rcc.o)
rcc_osc_ready_int_enable                          ../../../libopencm3//lib/libopencm3_stm32f1.a(rcc.o)
rcc_osc_ready_int_flag                            ../../../libopencm3//lib/libopencm3_stm32f1.a(rcc.o)
rcc_periph_clock_disable                          ../../../libopencm3//lib/libopencm3_stm32f1.a(rcc_common_all.o)
rcc_periph_clock_enable                           ../../../libopencm3//lib/libopencm3_stm32f1.a(rcc_common_all.o)
                                                  echo.o
rcc_periph_reset_hold                             ../../../libopencm3//lib/libopencm3_stm32f1.a(rcc_common_all.o)
rcc_periph_reset_pulse                            ../../../libopencm3//lib/libopencm3_stm32f1.a(rcc_common_all.o)
rcc_periph_reset_release                          ../../../libopencm3//lib/libopencm3_stm32f1.a(rcc_common_all.o)
rcc_peripheral_clear_reset                        ../../../libopencm3//lib/libopencm3_stm32f1.a(rcc_common_all.o)
rcc_peripheral_disable_clock                      ../../../libopencm3//lib/libopencm3_stm32f1.a(rcc_common_all.o)
rcc_peripheral_enable_clock                       ../../../libopencm3//lib/libopencm3_stm32f1.a(rcc_common_all.o)
rcc_peripheral_reset                              ../../../libopencm3//lib/libopencm3_stm32f1.a(rcc_common_all.o)
rcc_rtc_clock_enabled_flag                        ../../../libopencm3//lib/libopencm3_stm32f1.a(rcc.o)
rcc_set_adcpre                                    ../../../libopencm3//lib/libopencm3_stm32f1.a(rcc.o)
rcc_set_hpre                                      ../../../libopencm3//lib/libopencm3_stm32f1.a(rcc.o)
rcc_set_mco                                       ../../../libopencm3//lib/libopencm3_stm32f1.a(rcc_common_all.o)
rcc_set_pll2_multiplication_factor                ../../../libopencm3//lib/libopencm3_stm32f1.a(rcc.o)
rcc_set_pll3_multiplication_factor                ../../../libopencm3//lib/libopencm3_stm32f1.a(rcc.o)
rcc_set_pll_multiplication_factor                 ../../../libopencm3//lib/libopencm3_stm32f1.a(rcc.o)
rcc_set_pll_source                                ../../../libopencm3//lib/libopencm3_stm32f1.a(rcc.o)
rcc_set_pllxtpre                                  ../../../libopencm3//lib/libopencm3_stm32f1.a(rcc.o)
rcc_set_ppre1                                     ../../../libopencm3//lib/libopencm3_stm32f1.a(rcc.o)
rcc_set_ppre2                                     ../../../libopencm3//lib/libopencm3_stm32f1.a(rcc.o)
rcc_set_prediv1                                   ../../../libopencm3//lib/libopencm3_stm32f1.a(rcc.o)
rcc_set_prediv1_source                            ../../../libopencm3//lib/libopencm3_stm32f1.a(rcc.o)
rcc_set_prediv2                                   ../../../libopencm3//lib/libopencm3_stm32f1.a(rcc.o)
rcc_set_rtc_clock_source                          ../../../libopencm3//lib/libopencm3_stm32f1.a(rcc.o)
rcc_set_sysclk_source                             ../../../libopencm3//lib/libopencm3_stm32f1.a(rcc.o)
rcc_set_usbpre                                    ../../../libopencm3//lib/libopencm3_stm32f1.a(rcc.o)
rcc_system_clock_source                           ../../../libopencm3//lib/libopencm3_stm32f1.a(rcc.o)
rcc_wait_for_osc_ready                            ../../../libopencm3//lib/libopencm3_stm32f1.a(rcc.o)
reset_handler                                     ../../../libopencm3//lib/libopencm3_stm32f1.a(vector.o)
rtc_alarm_isr                                     ../../../libopencm3//lib/libopencm3_stm32f1.a(vector.o)
rtc_isr                                           ../../../libopencm3//lib/libopencm3_stm32f1.a(vector.o)
sdio_isr                                          ../../../libopencm3//lib/libopencm3_stm32f1.a(vector.o)
spi1_isr                                          ../../../libopencm3//lib/libopencm3_stm32f1.a(vector.o)
spi2_isr                                          ../../../libopencm3//lib/libopencm3_stm32f1.a(vector.o)
spi3_isr                                          ../../../libopencm3//lib/libopencm3_stm32f1.a(vector.o)
sv_call_handler                                   ../../../libopencm3//lib/libopencm3_stm32f1.a(vector.o)
sys_tick_handler                                  ../../../libopencm3//lib/libopencm3_stm32f1.a(vector.o)
tamper_isr                                        ../../../libopencm3//lib/libopencm3_stm32f1.a(vector.o)
tim1_brk_isr                                      ../../../libopencm3//lib/libopencm3_stm32f1.a(vector.o)
tim1_cc_isr                                       ../../../libopencm3//lib/libopencm3_stm32f1.a(vector.o)
tim1_trg_com_isr                                  ../../../libopencm3//lib/libopencm3_stm32f1.a(vector.o)
tim1_up_isr                                       ../../../libopencm3//lib/libopencm3_stm32f1.a(vector.o)
tim2_isr                                          ../../../libopencm3//lib/libopencm3_stm32f1.a(vector.o)
tim3_isr                                          ../../../libopencm3//lib/libopencm3_stm32f1.a(vector.o)
tim4_isr                                          ../../../libopencm3//lib/libopencm3_stm32f1.a(vector.o)
tim5_isr                                          ../../../libopencm3//lib/libopencm3_stm32f1.a(vector.o)
tim6_isr                                          ../../../libopencm3//lib/libopencm3_stm32f1.a(vector.o)
tim7_isr                                          ../../../libopencm3//lib/libopencm3_stm32f1.a(vector.o)
tim8_brk_isr                                      ../../../libopencm3//lib/libopencm3_stm32f1.a(vector.o)
tim8_cc_isr                                       ../../../libopencm3//lib/libopencm3_stm32f1.a(vector.o)
tim8_trg_com_isr                                  ../../../libopencm3//lib/libopencm3_stm32f1.a(vector.o)
tim8_up_isr                                       ../../../libopencm3//lib/libopencm3_stm32f1.a(vector.o)
uart4_isr                                         ../../../libopencm3//lib/libopencm3_stm32f1.a(vector.o)
uart5_isr                                         ../../../libopencm3//lib/libopencm3_stm32f1.a(vector.o)
usage_fault_handler                               ../../../libopencm3//lib/libopencm3_stm32f1.a(vector.o)
usart1_isr                                        ../../../libopencm3//lib/libopencm3_stm32f1.a(vector.o)
usart2_isr                                        ../../../libopencm3//lib/libopencm3_stm32f1.a(vector.o)
usart3_isr                                        ../../../libopencm3//lib/libopencm3_stm32f1.a(vector.o)
usart_disable                                     ../../../libopencm3//lib/libopencm3_stm32f1.a(usart_common_all.o)
usart_disable_error_interrupt                     ../../../libopencm3//lib/libopencm3_stm32f1.a(usart_common_all.o)
usart_disable_idle_interrupt                      ../../../libopencm3//lib/libopencm3_stm32f1.a(usart_common_all.o)
usart_disable_rx_dma                              ../../../libopencm3//lib/libopencm3_stm32f1.a(usart_common_all.o)
usart_disable_rx_interrupt                        ../../../libopencm3//lib/libopencm3_stm32f1.a(usart_common_all.o)
usart_disable_tx_complete_interrupt               ../../../libopencm3//lib/libopencm3_stm32f1.a(usart_common_all.o)
usart_disable_tx_dma                              ../../../libopencm3//lib/libopencm3_stm32f1.a(usart_common_all.o)
usart_disable_tx_interrupt                        ../../../libopencm3//lib/libopencm3_stm32f1.a(usart_common_all.o)
usart_enable                                      ../../../libopencm3//lib/libopencm3_stm32f1.a(usart_common_all.o)
                                                  echo.o
usart_enable_error_interrupt                      ../../../libopencm3//lib/libopencm3_stm32f1.a(usart_common_all.o)
usart_enable_idle_interrupt                       ../../../libopencm3//lib/libopencm3_stm32f1.a(usart_common_all.o)
usart_enable_rx_dma                               ../../../libopencm3//lib/libopencm3_stm32f1.a(usart_common_all.o)
usart_enable_rx_interrupt                         ../../../libopencm3//lib/libopencm3_stm32f1.a(usart_common_all.o)
usart_enable_tx_complete_interrupt                ../../../libopencm3//lib/libopencm3_stm32f1.a(usart_common_all.o)
usart_enable_tx_dma                               ../../../libopencm3//lib/libopencm3_stm32f1.a(usart_common_all.o)
usart_enable_tx_interrupt                         ../../../libopencm3//lib/libopencm3_stm32f1.a(usart_common_all.o)
usart_get_flag                                    ../../../libopencm3//lib/libopencm3_stm32f1.a(usart_common_f124.o)
usart_recv                                        ../../../libopencm3//lib/libopencm3_stm32f1.a(usart_common_f124.o)
                                                  ../../../libopencm3//lib/libopencm3_stm32f1.a(usart_common_all.o)
usart_recv_blocking                               ../../../libopencm3//lib/libopencm3_stm32f1.a(usart_common_all.o)
                                                  echo.o
usart_send                                        ../../../libopencm3//lib/libopencm3_stm32f1.a(usart_common_f124.o)
                                                  ../../../libopencm3//lib/libopencm3_stm32f1.a(usart_common_all.o)
usart_send_blocking                               ../../../libopencm3//lib/libopencm3_stm32f1.a(usart_common_all.o)
                                                  echo.o
usart_set_baudrate                                ../../../libopencm3//lib/libopencm3_stm32f1.a(usart_common_all.o)
                                                  echo.o
usart_set_databits                                ../../../libopencm3//lib/libopencm3_stm32f1.a(usart_common_all.o)
                                                  echo.o
usart_set_flow_control                            ../../../libopencm3//lib/libopencm3_stm32f1.a(usart_common_all.o)
                                                  echo.o
usart_set_mode                                    ../../../libopencm3//lib/libopencm3_stm32f1.a(usart_common_all.o)
                                                  echo.o
usart_set_parity                                  ../../../libopencm3//lib/libopencm3_stm32f1.a(usart_common_all.o)
                                                  echo.o
usart_set_stopbits                                ../../../libopencm3//lib/libopencm3_stm32f1.a(usart_common_all.o)
                                                  echo.o
usart_wait_recv_ready                             ../../../libopencm3//lib/libopencm3_stm32f1.a(usart_common_f124.o)
                                                  ../../../libopencm3//lib/libopencm3_stm32f1.a(usart_common_all.o)
usart_wait_send_ready                             ../../../libopencm3//lib/libopencm3_stm32f1.a(usart_common_f124.o)
                                                  ../../../libopencm3//lib/libopencm3_stm32f1.a(usart_common_all.o)
usb_hp_can_tx_isr                                 ../../../libopencm3//lib/libopencm3_stm32f1.a(vector.o)
usb_lp_can_rx0_isr                                ../../../libopencm3//lib/libopencm3_stm32f1.a(vector.o)
usb_wakeup_isr                                    ../../../libopencm3//lib/libopencm3_stm32f1.a(vector.o)
vector_table                                      ../../../libopencm3//lib/libopencm3_stm32f1.a(vector.o)
wwdg_isr                                          ../../../libopencm3//lib/libopencm3_stm32f1.a(vector.o)
